#
# There is insufficient memory for the Java Runtime Environment to continue.
# Native memory allocation (mmap) failed to map 65536 bytes. Error detail: Failed to commit metaspace.
# Possible reasons:
#   The system is out of physical RAM or swap space
#   This process is running with CompressedOops enabled, and the Java Heap may be blocking the growth of the native heap
# Possible solutions:
#   Reduce memory load on the system
#   Increase physical memory or swap space
#   Check if swap backing store is full
#   Decrease Java heap size (-Xmx/-Xms)
#   Decrease number of Java threads
#   Decrease Java thread stack sizes (-Xss)
#   Set larger code cache with -XX:ReservedCodeCacheSize=
#   JVM is running with Zero Based Compressed Oops mode in which the Java heap is
#     placed in the first 32GB address space. The Java Heap base address is the
#     maximum limit for the native heap growth. Please use -XX:HeapBaseMinAddress
#     to set the Java Heap base and to place the Java Heap above 32GB virtual address.
# This output file may be truncated or incomplete.
#
#  Out of Memory Error (virtualSpaceNode.cpp:113), pid=18992, tid=15436
#
# JRE version: OpenJDK Runtime Environment Temurin-21.0.8+9 (21.0.8+9) (build 21.0.8+9-LTS)
# Java VM: OpenJDK 64-Bit Server VM Temurin-21.0.8+9 (21.0.8+9-LTS, mixed mode, emulated-client, sharing, tiered, compressed oops, compressed class ptrs, g1 gc, windows-amd64)
# No core dump will be written. Minidumps are not enabled by default on client versions of Windows
#

---------------  S U M M A R Y ------------

Command Line: -Dcom.sun.management.jmxremote -Dcom.sun.management.jmxremote.port=58908 -Dcom.sun.management.jmxremote.authenticate=false -Dcom.sun.management.jmxremote.ssl=false -Djava.rmi.server.hostname=localhost -Dspring.jmx.enabled=true -Dmanagement.endpoints.jmx.exposure.include=* -Dspring.application.admin.enabled=true -Dspring.output.ansi.enabled=always -XX:TieredStopAtLevel=1 -Dspring.boot.project.name=Moyo -Dfile.encoding=UTF-8 -Dstdout.encoding=UTF-8 -Dstderr.encoding=UTF-8 -XX:+ShowCodeDetailsInExceptionMessages com.springboot.project.MoyoApplication

Host: Intel(R) Core(TM) Ultra 5 225U, 14 cores, 15G,  Windows 11 , 64 bit Build 26100 (10.0.26100.9444)
Time: Mon Sep 21 09:10:35 2026 elapsed time: 0.951067 seconds (0d 0h 0m 0s)

---------------  T H R E A D  ---------------

Current thread (0x00000273eb0acdc0):  JavaThread "RMI TCP Connection(1)-127.0.0.1" daemon [_thread_in_vm, id=15436, stack(0x000000bddf500000,0x000000bddf600000) (1024K)]

Stack: [0x000000bddf500000,0x000000bddf600000]
Native frames: (J=compiled Java code, j=interpreted, Vv=VM code, C=native code)
V  [jvm.dll+0x6d2449]
V  [jvm.dll+0x8ae341]
V  [jvm.dll+0x8b08be]
V  [jvm.dll+0x8b0fa3]
V  [jvm.dll+0x280c96]
V  [jvm.dll+0x8aa07e]
V  [jvm.dll+0x6745b5]
V  [jvm.dll+0x67461a]
V  [jvm.dll+0x676e02]
V  [jvm.dll+0x676cd2]
V  [jvm.dll+0x674f8e]
V  [jvm.dll+0x67f237]
V  [jvm.dll+0x21695d]
V  [jvm.dll+0x216eda]
V  [jvm.dll+0x217905]
V  [jvm.dll+0x20cece]
V  [jvm.dll+0x5b19dc]
V  [jvm.dll+0x21e5ba]
V  [jvm.dll+0x826c6c]
V  [jvm.dll+0x827c94]
V  [jvm.dll+0x828262]
V  [jvm.dll+0x827ee8]
V  [jvm.dll+0x26e30b]
V  [jvm.dll+0x26e53a]
V  [jvm.dll+0x5d4e17]
V  [jvm.dll+0x5d7dff]
V  [jvm.dll+0x3daf25]
V  [jvm.dll+0x3da59d]
C  0x000002739a0d8480

The last pc belongs to invokestatic (printed below).
Java frames: (J=compiled Java code, j=interpreted, Vv=VM code)
j  sun.rmi.server.MarshalOutputStream.annotateClass(Ljava/lang/Class;)V+2 java.rmi@21.0.8
j  java.io.ObjectOutputStream.writeNonProxyDesc(Ljava/io/ObjectStreamClass;Z)V+78 java.base@21.0.8
j  java.io.ObjectOutputStream.writeClassDesc(Ljava/io/ObjectStreamClass;Z)V+56 java.base@21.0.8
j  java.io.ObjectOutputStream.writeOrdinaryObject(Ljava/lang/Object;Ljava/io/ObjectStreamClass;Z)V+94 java.base@21.0.8
j  java.io.ObjectOutputStream.writeObject0(Ljava/lang/Object;Z)V+506 java.base@21.0.8
j  java.io.ObjectOutputStream.writeObject(Ljava/lang/Object;)V+16 java.base@21.0.8
j  sun.rmi.registry.RegistryImpl_Skel.dispatch(Ljava/rmi/Remote;Ljava/rmi/server/RemoteCall;IJ)V+385 java.rmi@21.0.8
j  sun.rmi.server.UnicastServerRef.oldDispatch(Ljava/rmi/Remote;Ljava/rmi/server/RemoteCall;I)V+127 java.rmi@21.0.8
j  sun.rmi.server.UnicastServerRef.dispatch(Ljava/rmi/Remote;Ljava/rmi/server/RemoteCall;)V+44 java.rmi@21.0.8
j  sun.rmi.transport.Transport$1.run()Ljava/lang/Void;+23 java.rmi@21.0.8
j  sun.rmi.transport.Transport$1.run()Ljava/lang/Object;+1 java.rmi@21.0.8
J 1638 c1 java.security.AccessController.executePrivileged(Ljava/security/PrivilegedExceptionAction;Ljava/security/AccessControlContext;Ljava/lang/Class;)Ljava/lang/Object; java.base@21.0.8 (65 bytes) @ 0x000002739a5f9f1c [0x000002739a5f9ec0+0x000000000000005c]
j  java.security.AccessController.doPrivileged(Ljava/security/PrivilegedExceptionAction;Ljava/security/AccessControlContext;)Ljava/lang/Object;+13 java.base@21.0.8
j  sun.rmi.transport.Transport.serviceCall(Ljava/rmi/server/RemoteCall;)Z+164 java.rmi@21.0.8
j  sun.rmi.transport.tcp.TCPTransport.handleMessages(Lsun/rmi/transport/Connection;Z)V+145 java.rmi@21.0.8
j  sun.rmi.transport.tcp.TCPTransport$ConnectionHandler.run0()V+522 java.rmi@21.0.8
j  sun.rmi.transport.tcp.TCPTransport$ConnectionHandler.lambda$run$0()Ljava/lang/Void;+1 java.rmi@21.0.8
j  sun.rmi.transport.tcp.TCPTransport$ConnectionHandler$$Lambda+0x00000273a717a4a0.run()Ljava/lang/Object;+4 java.rmi@21.0.8
J 1483 c1 java.security.AccessController.executePrivileged(Ljava/security/PrivilegedAction;Ljava/security/AccessControlContext;Ljava/lang/Class;)Ljava/lang/Object; java.base@21.0.8 (65 bytes) @ 0x000002739a5baf1c [0x000002739a5baec0+0x000000000000005c]
j  java.security.AccessController.doPrivileged(Ljava/security/PrivilegedAction;Ljava/security/AccessControlContext;)Ljava/lang/Object;+13 java.base@21.0.8
j  sun.rmi.transport.tcp.TCPTransport$ConnectionHandler.run()V+37 java.rmi@21.0.8
j  java.util.concurrent.ThreadPoolExecutor.runWorker(Ljava/util/concurrent/ThreadPoolExecutor$Worker;)V+92 java.base@21.0.8
j  java.util.concurrent.ThreadPoolExecutor$Worker.run()V+5 java.base@21.0.8
j  java.lang.Thread.runWith(Ljava/lang/Object;Ljava/lang/Runnable;)V+5 java.base@21.0.8
j  java.lang.Thread.run()V+19 java.base@21.0.8
v  ~StubRoutines::call_stub 0x000002739a0c100d
invokestatic  184 invokestatic  [0x000002739a0d83e0, 0x000002739a0d8540]  352 bytes
[MachCode]
  0x000002739a0d83e0: 4883 ec08 | c5fa 1104 | 24eb 1f48 | 83ec 10c5 | fb11 0424 | eb14 4883 | ec10 4889 | 0424 48c7 
  0x000002739a0d8400: 4424 0800 | 0000 00eb | 0150 4c89 | 6dc0 410f | b755 0148 | 8b4d d0c1 | e202 8b5c | d138 c1eb 
  0x000002739a0d8420: 1081 e3ff | 0000 0081 | fbb8 0000 | 000f 84b4 | 0000 00bb | b800 0000 | e805 0000 | 00e9 9900 
  0x000002739a0d8440: 0000 488b | d348 8d44 | 2408 4c89 | 6dc0 498b | cfc5 f877 | 4989 afa8 | 0300 0049 | 8987 9803 
  0x000002739a0d8460: 0000 4883 | ec20 40f6 | c40f 0f84 | 1900 0000 | 4883 ec08 | 48b8 30a5 | 04d1 fe7f | 0000 ffd0 
  0x000002739a0d8480: 4883 c408 | e90c 0000 | 0048 b830 | a504 d1fe | 7f00 00ff | d048 83c4 | 2049 c787 | 9803 0000 
  0x000002739a0d84a0: 0000 0000 | 49c7 87a8 | 0300 0000 | 0000 0049 | c787 a003 | 0000 0000 | 0000 c5f8 | 7749 837f 
  0x000002739a0d84c0: 0800 0f84 | 0500 0000 | e933 8afe | ff4c 8b6d | c04c 8b75 | c84e 8d74 | f500 c341 | 0fb7 5501 
  0x000002739a0d84e0: 488b 4dd0 | c1e2 0248 | 8b5c d140 | 488b 5b08 | 488b 5b08 | 488b 5b18 | 80bb 3101 | 0000 040f 
  0x000002739a0d8500: 840d 0000 | 004c 3bbb | 3801 0000 | 0f85 21ff | ffff 488b | 5cd1 408b | 54d1 50c1 | ea1c 49ba 
  0x000002739a0d8520: 4053 93d1 | fe7f 0000 | 498b 14d2 | 524c 8d6c | 2408 4c89 | 6df0 ff63 | 500f 1f80 | 0000 0000 
[/MachCode]

Compiled method (c1) 985 1638       1       java.security.AccessController::executePrivileged (65 bytes)
 total in heap  [0x000002739a5f9d10,0x000002739a5fa048] = 824
 relocation     [0x000002739a5f9e70,0x000002739a5f9eb8] = 72
 main code      [0x000002739a5f9ec0,0x000002739a5f9f78] = 184
 stub code      [0x000002739a5f9f78,0x000002739a5f9fd0] = 88
 metadata       [0x000002739a5f9fd0,0x000002739a5f9fd8] = 8
 scopes data    [0x000002739a5f9fd8,0x000002739a5fa000] = 40
 scopes pcs     [0x000002739a5fa000,0x000002739a5fa040] = 64
 dependencies   [0x000002739a5fa040,0x000002739a5fa048] = 8

[Constant Pool (empty)]

[MachCode]
[Verified Entry Point]
  # {method} {0x00000273a6472be8} 'executePrivileged' '(Ljava/security/PrivilegedExceptionAction;Ljava/security/AccessControlContext;Ljava/lang/Class;)Ljava/lang/Object;' in 'java/security/AccessController'
  # parm0:    rdx:rdx   = 'java/security/PrivilegedExceptionAction'
  # parm1:    r8:r8     = 'java/security/AccessControlContext'
  # parm2:    r9:r9     = 'java/lang/Class'
  #           [sp+0x50]  (sp of caller)
  0x000002739a5f9ec0: 8984 2400 | 80ff ff55 | 4883 ec40 | 4181 7f20 | 0100 0000 

  0x000002739a5f9ed4: ;   {runtime_call StubRoutines (final stubs)}
  0x000002739a5f9ed4: 7405 e885 | aeaf ff4c | 8944 2430 | 4c89 4c24 | 284d 85c0 | 0f84 1b00 | 0000 4889 | 5424 2049 
  0x000002739a5f9ef4: ;   {static_call}
  0x000002739a5f9ef4: 8bd0 90e8 

  0x000002739a5f9ef8: ; ImmutableOopMap {[32]=Oop [40]=Oop [48]=Oop }
                      ;*invokestatic ensureMaterializedForStackWalk {reexecute=0 rethrow=0 return_oop=0}
                      ; - java.security.AccessController::executePrivileged@5 (line 805)
  0x000002739a5f9ef8: 9000 0000 

  0x000002739a5f9efc: ;   {other}
  0x000002739a5f9efc: 0f1f 8400 | ec01 0000 | 488b 5424 | 200f 1f40 | 0048 b860 | a494 a573 

  0x000002739a5f9f14: ;   {virtual_call}
  0x000002739a5f9f14: 0200 00e8 

  0x000002739a5f9f18: ; ImmutableOopMap {[40]=Oop [48]=Oop }
                      ;*invokeinterface run {reexecute=0 rethrow=0 return_oop=0}
                      ; - java.security.AccessController::executePrivileged@29 (line 809)
  0x000002739a5f9f18: 7475 bdff 

  0x000002739a5f9f1c: ;   {other}
  0x000002739a5f9f1c: 0f1f 8400 | 0c02 0001 | 4883 c440 

  0x000002739a5f9f28: ;   {poll_return}
  0x000002739a5f9f28: 5d49 3ba7 | 4804 0000 | 0f87 0100 

  0x000002739a5f9f34: ;   {internal_word}
  0x000002739a5f9f34: 0000 c349 | ba29 9f5f | 9a73 0200 | 004d 8997 | 6004 0000 

  0x000002739a5f9f48: ;   {runtime_call SafepointBlob}
  0x000002739a5f9f48: e9b3 b7b1 | ff49 8b87 | f804 0000 | 49c7 87f8 | 0400 0000 | 0000 0049 | c787 0005 | 0000 0000 
  0x000002739a5f9f68: 0000 4883 

  0x000002739a5f9f6c: ;   {runtime_call unwind_exception Runtime1 stub}
  0x000002739a5f9f6c: c440 5de9 | 0c87 bcff | f4f4 f4f4 
[Stub Code]
  0x000002739a5f9f78: ;   {no_reloc}
  0x000002739a5f9f78: 0f1f 4400 

  0x000002739a5f9f7c: ;   {static_stub}
  0x000002739a5f9f7c: 0048 bb00 | 0000 0000 

  0x000002739a5f9f84: ;   {runtime_call nmethod}
  0x000002739a5f9f84: 0000 00e9 | fbff ffff 

  0x000002739a5f9f8c: ;   {static_stub}
  0x000002739a5f9f8c: 48bb 602a | 47a6 7302 

  0x000002739a5f9f94: ;   {runtime_call I2C/C2I adapters}
  0x000002739a5f9f94: 0000 e9c8 

  0x000002739a5f9f98: ;   {runtime_call handle_exception_from_callee Runtime1 stub}
  0x000002739a5f9f98: 94b1 ffe8 | e0b3 bcff 

  0x000002739a5f9fa0: ;   {external_word}
  0x000002739a5f9fa0: 48b9 90e2 | 66d1 fe7f | 0000 4883 

  0x000002739a5f9fac: ;   {runtime_call}
  0x000002739a5f9fac: e4f0 48b8 | 1079 29d1 | fe7f 0000 

  0x000002739a5f9fb8: ;   {section_word}
  0x000002739a5f9fb8: ffd0 f449 | babb 9f5f | 9a73 0200 

  0x000002739a5f9fc4: ;   {runtime_call DeoptimizationBlob}
  0x000002739a5f9fc4: 0041 52e9 | d4a9 b1ff | f4f4 f4f4 
[/MachCode]


Compiled method (c1) 988 1483       1       java.security.AccessController::executePrivileged (65 bytes)
 total in heap  [0x000002739a5bad10,0x000002739a5bb048] = 824
 relocation     [0x000002739a5bae70,0x000002739a5baeb8] = 72
 main code      [0x000002739a5baec0,0x000002739a5baf78] = 184
 stub code      [0x000002739a5baf78,0x000002739a5bafd0] = 88
 metadata       [0x000002739a5bafd0,0x000002739a5bafd8] = 8
 scopes data    [0x000002739a5bafd8,0x000002739a5bb000] = 40
 scopes pcs     [0x000002739a5bb000,0x000002739a5bb040] = 64
 dependencies   [0x000002739a5bb040,0x000002739a5bb048] = 8

[Constant Pool (empty)]

[MachCode]
[Verified Entry Point]
  # {method} {0x00000273a6472c40} 'executePrivileged' '(Ljava/security/PrivilegedAction;Ljava/security/AccessControlContext;Ljava/lang/Class;)Ljava/lang/Object;' in 'java/security/AccessController'
  # parm0:    rdx:rdx   = 'java/security/PrivilegedAction'
  # parm1:    r8:r8     = 'java/security/AccessControlContext'
  # parm2:    r9:r9     = 'java/lang/Class'
  #           [sp+0x50]  (sp of caller)
  0x000002739a5baec0: 8984 2400 | 80ff ff55 | 4883 ec40 | 4181 7f20 | 0100 0000 

  0x000002739a5baed4: ;   {runtime_call StubRoutines (final stubs)}
  0x000002739a5baed4: 7405 e885 | 9eb3 ff4c | 8944 2430 | 4c89 4c24 | 284d 85c0 | 0f84 1b00 | 0000 4889 | 5424 2049 
  0x000002739a5baef4: ;   {static_call}
  0x000002739a5baef4: 8bd0 90e8 

  0x000002739a5baef8: ; ImmutableOopMap {[32]=Oop [40]=Oop [48]=Oop }
                      ;*invokestatic ensureMaterializedForStackWalk {reexecute=0 rethrow=0 return_oop=0}
                      ; - java.security.AccessController::executePrivileged@5 (line 774)
  0x000002739a5baef8: 9000 0000 

  0x000002739a5baefc: ;   {other}
  0x000002739a5baefc: 0f1f 8400 | ec01 0000 | 488b 5424 | 200f 1f40 | 0048 b8d0 | dfb7 a573 

  0x000002739a5baf14: ;   {virtual_call}
  0x000002739a5baf14: 0200 00e8 

  0x000002739a5baf18: ; ImmutableOopMap {[40]=Oop [48]=Oop }
                      ;*invokeinterface run {reexecute=0 rethrow=0 return_oop=0}
                      ; - java.security.AccessController::executePrivileged@29 (line 778)
  0x000002739a5baf18: 7465 c1ff 

  0x000002739a5baf1c: ;   {other}
  0x000002739a5baf1c: 0f1f 8400 | 0c02 0001 | 4883 c440 

  0x000002739a5baf28: ;   {poll_return}
  0x000002739a5baf28: 5d49 3ba7 | 4804 0000 | 0f87 0100 

  0x000002739a5baf34: ;   {internal_word}
  0x000002739a5baf34: 0000 c349 | ba29 af5b | 9a73 0200 | 004d 8997 | 6004 0000 

  0x000002739a5baf48: ;   {runtime_call SafepointBlob}
  0x000002739a5baf48: e9b3 a7b5 | ff49 8b87 | f804 0000 | 49c7 87f8 | 0400 0000 | 0000 0049 | c787 0005 | 0000 0000 
  0x000002739a5baf68: 0000 4883 

  0x000002739a5baf6c: ;   {runtime_call unwind_exception Runtime1 stub}
  0x000002739a5baf6c: c440 5de9 | 0c77 c0ff | f4f4 f4f4 
[Stub Code]
  0x000002739a5baf78: ;   {no_reloc}
  0x000002739a5baf78: 0f1f 4400 

  0x000002739a5baf7c: ;   {static_stub}
  0x000002739a5baf7c: 0048 bb00 | 0000 0000 

  0x000002739a5baf84: ;   {runtime_call nmethod}
  0x000002739a5baf84: 0000 00e9 | fbff ffff 

  0x000002739a5baf8c: ;   {static_stub}
  0x000002739a5baf8c: 48bb 602a | 47a6 7302 

  0x000002739a5baf94: ;   {runtime_call I2C/C2I adapters}
  0x000002739a5baf94: 0000 e9c8 

  0x000002739a5baf98: ;   {runtime_call handle_exception_from_callee Runtime1 stub}
  0x000002739a5baf98: 84b5 ffe8 | e0a3 c0ff 

  0x000002739a5bafa0: ;   {external_word}
  0x000002739a5bafa0: 48b9 90e2 | 66d1 fe7f | 0000 4883 

  0x000002739a5bafac: ;   {runtime_call}
  0x000002739a5bafac: e4f0 48b8 | 1079 29d1 | fe7f 0000 

  0x000002739a5bafb8: ;   {section_word}
  0x000002739a5bafb8: ffd0 f449 | babb af5b | 9a73 0200 

  0x000002739a5bafc4: ;   {runtime_call DeoptimizationBlob}
  0x000002739a5bafc4: 0041 52e9 | d499 b5ff | f4f4 f4f4 
[/MachCode]


---------------  P R O C E S S  ---------------

Threads class SMR info:
_java_thread_list=0x00000273eb0412c0, length=19, elements={
0x000002739672dfc0, 0x00000273a46ee510, 0x00000273a5090080, 0x00000273a5095c10,
0x00000273a5096660, 0x00000273a5097d50, 0x00000273a509d950, 0x00000273a50a7450,
0x00000273a5129810, 0x00000273a518d810, 0x00000273a5191ed0, 0x00000273a5192570,
0x00000273a51ea090, 0x00000273a581a840, 0x00000273a5821dd0, 0x00000273a5840500,
0x00000273a5b93030, 0x00000273a5bc7c80, 0x00000273eb0acdc0
}

Java Threads: ( => current thread )
  0x000002739672dfc0 JavaThread "main"                              [_thread_blocked, id=14384, stack(0x000000bddd400000,0x000000bddd500000) (1024K)]
  0x00000273a46ee510 JavaThread "Reference Handler"          daemon [_thread_blocked, id=12784, stack(0x000000bdddc00000,0x000000bdddd00000) (1024K)]
  0x00000273a5090080 JavaThread "Finalizer"                  daemon [_thread_blocked, id=14352, stack(0x000000bdddd00000,0x000000bddde00000) (1024K)]
  0x00000273a5095c10 JavaThread "Signal Dispatcher"          daemon [_thread_blocked, id=11648, stack(0x000000bddde00000,0x000000bdddf00000) (1024K)]
  0x00000273a5096660 JavaThread "Attach Listener"            daemon [_thread_blocked, id=17756, stack(0x000000bdddf00000,0x000000bdde000000) (1024K)]
  0x00000273a5097d50 JavaThread "Service Thread"             daemon [_thread_blocked, id=23640, stack(0x000000bdde000000,0x000000bdde100000) (1024K)]
  0x00000273a509d950 JavaThread "Monitor Deflation Thread"   daemon [_thread_blocked, id=7720, stack(0x000000bdde100000,0x000000bdde200000) (1024K)]
  0x00000273a50a7450 JavaThread "C1 CompilerThread0"         daemon [_thread_blocked, id=18460, stack(0x000000bdde200000,0x000000bdde300000) (1024K)]
  0x00000273a5129810 JavaThread "Common-Cleaner"             daemon [_thread_blocked, id=9084, stack(0x000000bdde300000,0x000000bdde400000) (1024K)]
  0x00000273a518d810 JavaThread "C1 CompilerThread1"         daemon [_thread_blocked, id=19956, stack(0x000000bdde400000,0x000000bdde500000) (1024K)]
  0x00000273a5191ed0 JavaThread "C1 CompilerThread2"         daemon [_thread_blocked, id=7968, stack(0x000000bdde500000,0x000000bdde600000) (1024K)]
  0x00000273a5192570 JavaThread "C1 CompilerThread3"         daemon [_thread_blocked, id=18904, stack(0x000000bdde600000,0x000000bdde700000) (1024K)]
  0x00000273a51ea090 JavaThread "Notification Thread"        daemon [_thread_blocked, id=15800, stack(0x000000bdde700000,0x000000bdde800000) (1024K)]
  0x00000273a581a840 JavaThread "RMI TCP Accept-0"           daemon [_thread_in_native, id=22376, stack(0x000000bdde800000,0x000000bdde900000) (1024K)]
  0x00000273a5821dd0 JavaThread "RMI TCP Accept-58908"       daemon [_thread_in_native, id=11536, stack(0x000000bdde900000,0x000000bddea00000) (1024K)]
  0x00000273a5840500 JavaThread "RMI TCP Accept-0"           daemon [_thread_in_native, id=2240, stack(0x000000bddea00000,0x000000bddeb00000) (1024K)]
  0x00000273a5b93030 JavaThread "Thread-0"                          [_thread_blocked, id=16672, stack(0x000000bddf300000,0x000000bddf400000) (1024K)]
  0x00000273a5bc7c80 JavaThread "restartedMain"                     [_thread_in_vm, id=12688, stack(0x000000bddf400000,0x000000bddf500000) (1024K)]
=>0x00000273eb0acdc0 JavaThread "RMI TCP Connection(1)-127.0.0.1" daemon [_thread_in_vm, id=15436, stack(0x000000bddf500000,0x000000bddf600000) (1024K)]
Total: 19

Other Threads:
  0x00000273a46d1390 VMThread "VM Thread"                           [id=19300, stack(0x000000bdddb00000,0x000000bdddc00000) (1024K)]
  0x00000273a46be4d0 WatcherThread "VM Periodic Task Thread"        [id=4332, stack(0x000000bddda00000,0x000000bdddb00000) (1024K)]
  0x00000273967948b0 WorkerThread "GC Thread#0"                     [id=14072, stack(0x000000bddd500000,0x000000bddd600000) (1024K)]
  0x00000273a58bfc90 WorkerThread "GC Thread#1"                     [id=15672, stack(0x000000bddeb00000,0x000000bddec00000) (1024K)]
  0x00000273a5923d60 WorkerThread "GC Thread#2"                     [id=11496, stack(0x000000bddec00000,0x000000bdded00000) (1024K)]
  0x00000273a5928110 WorkerThread "GC Thread#3"                     [id=18064, stack(0x000000bdded00000,0x000000bddee00000) (1024K)]
  0x00000273a59284b0 WorkerThread "GC Thread#4"                     [id=15628, stack(0x000000bddee00000,0x000000bddef00000) (1024K)]
  0x00000273a59566c0 WorkerThread "GC Thread#5"                     [id=20948, stack(0x000000bddef00000,0x000000bddf000000) (1024K)]
  0x00000273a5957e80 WorkerThread "GC Thread#6"                     [id=8216, stack(0x000000bddf000000,0x000000bddf100000) (1024K)]
  0x00000273a5958a30 WorkerThread "GC Thread#7"                     [id=11524, stack(0x000000bddf100000,0x000000bddf200000) (1024K)]
  0x00000273a5959bf0 WorkerThread "GC Thread#8"                     [id=18300, stack(0x000000bddf200000,0x000000bddf300000) (1024K)]
  0x00000273967a5630 ConcurrentGCThread "G1 Main Marker"            [id=13844, stack(0x000000bddd600000,0x000000bddd700000) (1024K)]
  0x00000273967a9570 WorkerThread "G1 Conc#0"                       [id=4408, stack(0x000000bddd700000,0x000000bddd800000) (1024K)]
  0x00000273967de950 ConcurrentGCThread "G1 Refine#0"               [id=420, stack(0x000000bddd800000,0x000000bddd900000) (1024K)]
  0x00000273a458f440 ConcurrentGCThread "G1 Service"                [id=23920, stack(0x000000bddd900000,0x000000bddda00000) (1024K)]
Total: 15

Threads with active compile tasks:
Total: 0

VM state: not at safepoint (normal execution)

VM Mutex/Monitor currently owned by a thread:  ([mutex/lock_event])
[0x00007ffed1923458] Metaspace_lock - owner thread: 0x00000273eb0acdc0

Heap address: 0x0000000709800000, size: 3944 MB, Compressed Oops mode: Zero based, Oop shift amount: 3

CDS archive(s) mapped at: [0x00000273a6000000-0x00000273a6c80000-0x00000273a6c80000), size 13107200, SharedBaseAddress: 0x00000273a6000000, ArchiveRelocationMode: 1.
Compressed class space mapped at: 0x00000273a7000000-0x00000273e7000000, reserved size: 1073741824
Narrow klass base: 0x00000273a6000000, Narrow klass shift: 0, Narrow klass range: 0x100000000

GC Precious Log:
 CardTable entry size: 512
 Card Set container configuration: InlinePtr #cards 4 size 8 Array Of Cards #cards 16 size 48 Howl #buckets 8 coarsen threshold 3686 Howl Bitmap #cards 512 size 80 coarsen threshold 460 Card regions per heap region 1 cards per card region 4096
 CPUs: 14 total, 14 available
 Memory: 15768M
 Large Page Support: Disabled
 NUMA Support: Disabled
 Compressed Oops: Enabled (Zero based)
 Heap Region Size: 2M
 Heap Min Capacity: 8M
 Heap Initial Capacity: 248M
 Heap Max Capacity: 3944M
 Pre-touch: Disabled
 Parallel Workers: 11
 Concurrent Workers: 3
 Concurrent Refinement Workers: 11
 Periodic GC: Disabled

Heap:
 garbage-first heap   total 253952K, used 27332K [0x0000000709800000, 0x0000000800000000)
  region size 2048K, 13 young (26624K), 2 survivors (4096K)
 Metaspace       used 10805K, committed 11200K, reserved 1114112K
  class space    used 1455K, committed 1664K, reserved 1048576K

Heap Regions: E=young(eden), S=young(survivor), O=old, HS=humongous(starts), HC=humongous(continues), CS=collection set, F=free, TAMS=top-at-mark-start, PB=parsable bottom
|   0|0x0000000709800000, 0x0000000709a00000, 0x0000000709a00000|100%| O|  |TAMS 0x0000000709800000| PB 0x0000000709800000| Untracked 
|   1|0x0000000709a00000, 0x0000000709ab1128, 0x0000000709c00000| 34%| O|  |TAMS 0x0000000709a00000| PB 0x0000000709a00000| Untracked 
|   2|0x0000000709c00000, 0x0000000709c00000, 0x0000000709e00000|  0%| F|  |TAMS 0x0000000709c00000| PB 0x0000000709c00000| Untracked 
|   3|0x0000000709e00000, 0x0000000709e00000, 0x000000070a000000|  0%| F|  |TAMS 0x0000000709e00000| PB 0x0000000709e00000| Untracked 
|   4|0x000000070a000000, 0x000000070a000000, 0x000000070a200000|  0%| F|  |TAMS 0x000000070a000000| PB 0x000000070a000000| Untracked 
|   5|0x000000070a200000, 0x000000070a200000, 0x000000070a400000|  0%| F|  |TAMS 0x000000070a200000| PB 0x000000070a200000| Untracked 
|   6|0x000000070a400000, 0x000000070a400000, 0x000000070a600000|  0%| F|  |TAMS 0x000000070a400000| PB 0x000000070a400000| Untracked 
|   7|0x000000070a600000, 0x000000070a600000, 0x000000070a800000|  0%| F|  |TAMS 0x000000070a600000| PB 0x000000070a600000| Untracked 
|   8|0x000000070a800000, 0x000000070a800000, 0x000000070aa00000|  0%| F|  |TAMS 0x000000070a800000| PB 0x000000070a800000| Untracked 
|   9|0x000000070aa00000, 0x000000070aa00000, 0x000000070ac00000|  0%| F|  |TAMS 0x000000070aa00000| PB 0x000000070aa00000| Untracked 
|  10|0x000000070ac00000, 0x000000070ac00000, 0x000000070ae00000|  0%| F|  |TAMS 0x000000070ac00000| PB 0x000000070ac00000| Untracked 
|  11|0x000000070ae00000, 0x000000070ae00000, 0x000000070b000000|  0%| F|  |TAMS 0x000000070ae00000| PB 0x000000070ae00000| Untracked 
|  12|0x000000070b000000, 0x000000070b000000, 0x000000070b200000|  0%| F|  |TAMS 0x000000070b000000| PB 0x000000070b000000| Untracked 
|  13|0x000000070b200000, 0x000000070b200000, 0x000000070b400000|  0%| F|  |TAMS 0x000000070b200000| PB 0x000000070b200000| Untracked 
|  14|0x000000070b400000, 0x000000070b400000, 0x000000070b600000|  0%| F|  |TAMS 0x000000070b400000| PB 0x000000070b400000| Untracked 
|  15|0x000000070b600000, 0x000000070b600000, 0x000000070b800000|  0%| F|  |TAMS 0x000000070b600000| PB 0x000000070b600000| Untracked 
|  16|0x000000070b800000, 0x000000070b800000, 0x000000070ba00000|  0%| F|  |TAMS 0x000000070b800000| PB 0x000000070b800000| Untracked 
|  17|0x000000070ba00000, 0x000000070ba00000, 0x000000070bc00000|  0%| F|  |TAMS 0x000000070ba00000| PB 0x000000070ba00000| Untracked 
|  18|0x000000070bc00000, 0x000000070bc00000, 0x000000070be00000|  0%| F|  |TAMS 0x000000070bc00000| PB 0x000000070bc00000| Untracked 
|  19|0x000000070be00000, 0x000000070be00000, 0x000000070c000000|  0%| F|  |TAMS 0x000000070be00000| PB 0x000000070be00000| Untracked 
|  20|0x000000070c000000, 0x000000070c000000, 0x000000070c200000|  0%| F|  |TAMS 0x000000070c000000| PB 0x000000070c000000| Untracked 
|  21|0x000000070c200000, 0x000000070c200000, 0x000000070c400000|  0%| F|  |TAMS 0x000000070c200000| PB 0x000000070c200000| Untracked 
|  22|0x000000070c400000, 0x000000070c400000, 0x000000070c600000|  0%| F|  |TAMS 0x000000070c400000| PB 0x000000070c400000| Untracked 
|  23|0x000000070c600000, 0x000000070c600000, 0x000000070c800000|  0%| F|  |TAMS 0x000000070c600000| PB 0x000000070c600000| Untracked 
|  24|0x000000070c800000, 0x000000070c800000, 0x000000070ca00000|  0%| F|  |TAMS 0x000000070c800000| PB 0x000000070c800000| Untracked 
|  25|0x000000070ca00000, 0x000000070ca00000, 0x000000070cc00000|  0%| F|  |TAMS 0x000000070ca00000| PB 0x000000070ca00000| Untracked 
|  26|0x000000070cc00000, 0x000000070cc00000, 0x000000070ce00000|  0%| F|  |TAMS 0x000000070cc00000| PB 0x000000070cc00000| Untracked 
|  27|0x000000070ce00000, 0x000000070ce00000, 0x000000070d000000|  0%| F|  |TAMS 0x000000070ce00000| PB 0x000000070ce00000| Untracked 
|  28|0x000000070d000000, 0x000000070d000000, 0x000000070d200000|  0%| F|  |TAMS 0x000000070d000000| PB 0x000000070d000000| Untracked 
|  29|0x000000070d200000, 0x000000070d200000, 0x000000070d400000|  0%| F|  |TAMS 0x000000070d200000| PB 0x000000070d200000| Untracked 
|  30|0x000000070d400000, 0x000000070d400000, 0x000000070d600000|  0%| F|  |TAMS 0x000000070d400000| PB 0x000000070d400000| Untracked 
|  31|0x000000070d600000, 0x000000070d600000, 0x000000070d800000|  0%| F|  |TAMS 0x000000070d600000| PB 0x000000070d600000| Untracked 
|  32|0x000000070d800000, 0x000000070d800000, 0x000000070da00000|  0%| F|  |TAMS 0x000000070d800000| PB 0x000000070d800000| Untracked 
|  33|0x000000070da00000, 0x000000070da00000, 0x000000070dc00000|  0%| F|  |TAMS 0x000000070da00000| PB 0x000000070da00000| Untracked 
|  34|0x000000070dc00000, 0x000000070dc00000, 0x000000070de00000|  0%| F|  |TAMS 0x000000070dc00000| PB 0x000000070dc00000| Untracked 
|  35|0x000000070de00000, 0x000000070de00000, 0x000000070e000000|  0%| F|  |TAMS 0x000000070de00000| PB 0x000000070de00000| Untracked 
|  36|0x000000070e000000, 0x000000070e000000, 0x000000070e200000|  0%| F|  |TAMS 0x000000070e000000| PB 0x000000070e000000| Untracked 
|  37|0x000000070e200000, 0x000000070e200000, 0x000000070e400000|  0%| F|  |TAMS 0x000000070e200000| PB 0x000000070e200000| Untracked 
|  38|0x000000070e400000, 0x000000070e400000, 0x000000070e600000|  0%| F|  |TAMS 0x000000070e400000| PB 0x000000070e400000| Untracked 
|  39|0x000000070e600000, 0x000000070e600000, 0x000000070e800000|  0%| F|  |TAMS 0x000000070e600000| PB 0x000000070e600000| Untracked 
|  40|0x000000070e800000, 0x000000070e800000, 0x000000070ea00000|  0%| F|  |TAMS 0x000000070e800000| PB 0x000000070e800000| Untracked 
|  41|0x000000070ea00000, 0x000000070ea00000, 0x000000070ec00000|  0%| F|  |TAMS 0x000000070ea00000| PB 0x000000070ea00000| Untracked 
|  42|0x000000070ec00000, 0x000000070ec00000, 0x000000070ee00000|  0%| F|  |TAMS 0x000000070ec00000| PB 0x000000070ec00000| Untracked 
|  43|0x000000070ee00000, 0x000000070ee00000, 0x000000070f000000|  0%| F|  |TAMS 0x000000070ee00000| PB 0x000000070ee00000| Untracked 
|  44|0x000000070f000000, 0x000000070f000000, 0x000000070f200000|  0%| F|  |TAMS 0x000000070f000000| PB 0x000000070f000000| Untracked 
|  45|0x000000070f200000, 0x000000070f200000, 0x000000070f400000|  0%| F|  |TAMS 0x000000070f200000| PB 0x000000070f200000| Untracked 
|  46|0x000000070f400000, 0x000000070f400000, 0x000000070f600000|  0%| F|  |TAMS 0x000000070f400000| PB 0x000000070f400000| Untracked 
|  47|0x000000070f600000, 0x000000070f600000, 0x000000070f800000|  0%| F|  |TAMS 0x000000070f600000| PB 0x000000070f600000| Untracked 
|  48|0x000000070f800000, 0x000000070f800000, 0x000000070fa00000|  0%| F|  |TAMS 0x000000070f800000| PB 0x000000070f800000| Untracked 
|  49|0x000000070fa00000, 0x000000070fa00000, 0x000000070fc00000|  0%| F|  |TAMS 0x000000070fa00000| PB 0x000000070fa00000| Untracked 
|  50|0x000000070fc00000, 0x000000070fc00000, 0x000000070fe00000|  0%| F|  |TAMS 0x000000070fc00000| PB 0x000000070fc00000| Untracked 
|  51|0x000000070fe00000, 0x000000070fe00000, 0x0000000710000000|  0%| F|  |TAMS 0x000000070fe00000| PB 0x000000070fe00000| Untracked 
|  52|0x0000000710000000, 0x0000000710000000, 0x0000000710200000|  0%| F|  |TAMS 0x0000000710000000| PB 0x0000000710000000| Untracked 
|  53|0x0000000710200000, 0x0000000710200000, 0x0000000710400000|  0%| F|  |TAMS 0x0000000710200000| PB 0x0000000710200000| Untracked 
|  54|0x0000000710400000, 0x0000000710400000, 0x0000000710600000|  0%| F|  |TAMS 0x0000000710400000| PB 0x0000000710400000| Untracked 
|  55|0x0000000710600000, 0x0000000710600000, 0x0000000710800000|  0%| F|  |TAMS 0x0000000710600000| PB 0x0000000710600000| Untracked 
|  56|0x0000000710800000, 0x0000000710800000, 0x0000000710a00000|  0%| F|  |TAMS 0x0000000710800000| PB 0x0000000710800000| Untracked 
|  57|0x0000000710a00000, 0x0000000710a00000, 0x0000000710c00000|  0%| F|  |TAMS 0x0000000710a00000| PB 0x0000000710a00000| Untracked 
|  58|0x0000000710c00000, 0x0000000710c00000, 0x0000000710e00000|  0%| F|  |TAMS 0x0000000710c00000| PB 0x0000000710c00000| Untracked 
|  59|0x0000000710e00000, 0x0000000710e00000, 0x0000000711000000|  0%| F|  |TAMS 0x0000000710e00000| PB 0x0000000710e00000| Untracked 
|  60|0x0000000711000000, 0x0000000711000000, 0x0000000711200000|  0%| F|  |TAMS 0x0000000711000000| PB 0x0000000711000000| Untracked 
|  61|0x0000000711200000, 0x0000000711200000, 0x0000000711400000|  0%| F|  |TAMS 0x0000000711200000| PB 0x0000000711200000| Untracked 
|  62|0x0000000711400000, 0x0000000711400000, 0x0000000711600000|  0%| F|  |TAMS 0x0000000711400000| PB 0x0000000711400000| Untracked 
|  63|0x0000000711600000, 0x0000000711600000, 0x0000000711800000|  0%| F|  |TAMS 0x0000000711600000| PB 0x0000000711600000| Untracked 
|  64|0x0000000711800000, 0x0000000711800000, 0x0000000711a00000|  0%| F|  |TAMS 0x0000000711800000| PB 0x0000000711800000| Untracked 
|  65|0x0000000711a00000, 0x0000000711a00000, 0x0000000711c00000|  0%| F|  |TAMS 0x0000000711a00000| PB 0x0000000711a00000| Untracked 
|  66|0x0000000711c00000, 0x0000000711c00000, 0x0000000711e00000|  0%| F|  |TAMS 0x0000000711c00000| PB 0x0000000711c00000| Untracked 
|  67|0x0000000711e00000, 0x0000000711e00000, 0x0000000712000000|  0%| F|  |TAMS 0x0000000711e00000| PB 0x0000000711e00000| Untracked 
|  68|0x0000000712000000, 0x0000000712000000, 0x0000000712200000|  0%| F|  |TAMS 0x0000000712000000| PB 0x0000000712000000| Untracked 
|  69|0x0000000712200000, 0x0000000712200000, 0x0000000712400000|  0%| F|  |TAMS 0x0000000712200000| PB 0x0000000712200000| Untracked 
|  70|0x0000000712400000, 0x0000000712400000, 0x0000000712600000|  0%| F|  |TAMS 0x0000000712400000| PB 0x0000000712400000| Untracked 
|  71|0x0000000712600000, 0x0000000712600000, 0x0000000712800000|  0%| F|  |TAMS 0x0000000712600000| PB 0x0000000712600000| Untracked 
|  72|0x0000000712800000, 0x0000000712800000, 0x0000000712a00000|  0%| F|  |TAMS 0x0000000712800000| PB 0x0000000712800000| Untracked 
|  73|0x0000000712a00000, 0x0000000712a00000, 0x0000000712c00000|  0%| F|  |TAMS 0x0000000712a00000| PB 0x0000000712a00000| Untracked 
|  74|0x0000000712c00000, 0x0000000712c00000, 0x0000000712e00000|  0%| F|  |TAMS 0x0000000712c00000| PB 0x0000000712c00000| Untracked 
|  75|0x0000000712e00000, 0x0000000712e00000, 0x0000000713000000|  0%| F|  |TAMS 0x0000000712e00000| PB 0x0000000712e00000| Untracked 
|  76|0x0000000713000000, 0x0000000713000000, 0x0000000713200000|  0%| F|  |TAMS 0x0000000713000000| PB 0x0000000713000000| Untracked 
|  77|0x0000000713200000, 0x0000000713200000, 0x0000000713400000|  0%| F|  |TAMS 0x0000000713200000| PB 0x0000000713200000| Untracked 
|  78|0x0000000713400000, 0x0000000713400000, 0x0000000713600000|  0%| F|  |TAMS 0x0000000713400000| PB 0x0000000713400000| Untracked 
|  79|0x0000000713600000, 0x0000000713600000, 0x0000000713800000|  0%| F|  |TAMS 0x0000000713600000| PB 0x0000000713600000| Untracked 
|  80|0x0000000713800000, 0x0000000713800000, 0x0000000713a00000|  0%| F|  |TAMS 0x0000000713800000| PB 0x0000000713800000| Untracked 
|  81|0x0000000713a00000, 0x0000000713a00000, 0x0000000713c00000|  0%| F|  |TAMS 0x0000000713a00000| PB 0x0000000713a00000| Untracked 
|  82|0x0000000713c00000, 0x0000000713c00000, 0x0000000713e00000|  0%| F|  |TAMS 0x0000000713c00000| PB 0x0000000713c00000| Untracked 
|  83|0x0000000713e00000, 0x0000000713e00000, 0x0000000714000000|  0%| F|  |TAMS 0x0000000713e00000| PB 0x0000000713e00000| Untracked 
|  84|0x0000000714000000, 0x0000000714000000, 0x0000000714200000|  0%| F|  |TAMS 0x0000000714000000| PB 0x0000000714000000| Untracked 
|  85|0x0000000714200000, 0x0000000714200000, 0x0000000714400000|  0%| F|  |TAMS 0x0000000714200000| PB 0x0000000714200000| Untracked 
|  86|0x0000000714400000, 0x0000000714400000, 0x0000000714600000|  0%| F|  |TAMS 0x0000000714400000| PB 0x0000000714400000| Untracked 
|  87|0x0000000714600000, 0x0000000714600000, 0x0000000714800000|  0%| F|  |TAMS 0x0000000714600000| PB 0x0000000714600000| Untracked 
|  88|0x0000000714800000, 0x0000000714800000, 0x0000000714a00000|  0%| F|  |TAMS 0x0000000714800000| PB 0x0000000714800000| Untracked 
|  89|0x0000000714a00000, 0x0000000714a00000, 0x0000000714c00000|  0%| F|  |TAMS 0x0000000714a00000| PB 0x0000000714a00000| Untracked 
|  90|0x0000000714c00000, 0x0000000714c00000, 0x0000000714e00000|  0%| F|  |TAMS 0x0000000714c00000| PB 0x0000000714c00000| Untracked 
|  91|0x0000000714e00000, 0x0000000714e00000, 0x0000000715000000|  0%| F|  |TAMS 0x0000000714e00000| PB 0x0000000714e00000| Untracked 
|  92|0x0000000715000000, 0x0000000715000000, 0x0000000715200000|  0%| F|  |TAMS 0x0000000715000000| PB 0x0000000715000000| Untracked 
|  93|0x0000000715200000, 0x0000000715200000, 0x0000000715400000|  0%| F|  |TAMS 0x0000000715200000| PB 0x0000000715200000| Untracked 
|  94|0x0000000715400000, 0x0000000715400000, 0x0000000715600000|  0%| F|  |TAMS 0x0000000715400000| PB 0x0000000715400000| Untracked 
|  95|0x0000000715600000, 0x0000000715600000, 0x0000000715800000|  0%| F|  |TAMS 0x0000000715600000| PB 0x0000000715600000| Untracked 
|  96|0x0000000715800000, 0x0000000715800000, 0x0000000715a00000|  0%| F|  |TAMS 0x0000000715800000| PB 0x0000000715800000| Untracked 
|  97|0x0000000715a00000, 0x0000000715a00000, 0x0000000715c00000|  0%| F|  |TAMS 0x0000000715a00000| PB 0x0000000715a00000| Untracked 
|  98|0x0000000715c00000, 0x0000000715c00000, 0x0000000715e00000|  0%| F|  |TAMS 0x0000000715c00000| PB 0x0000000715c00000| Untracked 
|  99|0x0000000715e00000, 0x0000000715e00000, 0x0000000716000000|  0%| F|  |TAMS 0x0000000715e00000| PB 0x0000000715e00000| Untracked 
| 100|0x0000000716000000, 0x0000000716000000, 0x0000000716200000|  0%| F|  |TAMS 0x0000000716000000| PB 0x0000000716000000| Untracked 
| 101|0x0000000716200000, 0x0000000716200000, 0x0000000716400000|  0%| F|  |TAMS 0x0000000716200000| PB 0x0000000716200000| Untracked 
| 102|0x0000000716400000, 0x0000000716400000, 0x0000000716600000|  0%| F|  |TAMS 0x0000000716400000| PB 0x0000000716400000| Untracked 
| 103|0x0000000716600000, 0x0000000716600000, 0x0000000716800000|  0%| F|  |TAMS 0x0000000716600000| PB 0x0000000716600000| Untracked 
| 104|0x0000000716800000, 0x0000000716800000, 0x0000000716a00000|  0%| F|  |TAMS 0x0000000716800000| PB 0x0000000716800000| Untracked 
| 105|0x0000000716a00000, 0x0000000716a00000, 0x0000000716c00000|  0%| F|  |TAMS 0x0000000716a00000| PB 0x0000000716a00000| Untracked 
| 106|0x0000000716c00000, 0x0000000716c00000, 0x0000000716e00000|  0%| F|  |TAMS 0x0000000716c00000| PB 0x0000000716c00000| Untracked 
| 107|0x0000000716e00000, 0x0000000716e00000, 0x0000000717000000|  0%| F|  |TAMS 0x0000000716e00000| PB 0x0000000716e00000| Untracked 
| 108|0x0000000717000000, 0x0000000717000000, 0x0000000717200000|  0%| F|  |TAMS 0x0000000717000000| PB 0x0000000717000000| Untracked 
| 109|0x0000000717200000, 0x0000000717200000, 0x0000000717400000|  0%| F|  |TAMS 0x0000000717200000| PB 0x0000000717200000| Untracked 
| 110|0x0000000717400000, 0x0000000717400000, 0x0000000717600000|  0%| F|  |TAMS 0x0000000717400000| PB 0x0000000717400000| Untracked 
| 111|0x0000000717600000, 0x0000000717800000, 0x0000000717800000|100%| S|CS|TAMS 0x0000000717600000| PB 0x0000000717600000| Complete 
| 112|0x0000000717800000, 0x0000000717a00000, 0x0000000717a00000|100%| S|CS|TAMS 0x0000000717800000| PB 0x0000000717800000| Complete 
| 113|0x0000000717a00000, 0x0000000717b14478, 0x0000000717c00000| 53%| E|  |TAMS 0x0000000717a00000| PB 0x0000000717a00000| Complete 
| 114|0x0000000717c00000, 0x0000000717e00000, 0x0000000717e00000|100%| E|CS|TAMS 0x0000000717c00000| PB 0x0000000717c00000| Complete 
| 115|0x0000000717e00000, 0x0000000718000000, 0x0000000718000000|100%| E|CS|TAMS 0x0000000717e00000| PB 0x0000000717e00000| Complete 
| 116|0x0000000718000000, 0x0000000718200000, 0x0000000718200000|100%| E|CS|TAMS 0x0000000718000000| PB 0x0000000718000000| Complete 
| 117|0x0000000718200000, 0x0000000718400000, 0x0000000718400000|100%| E|CS|TAMS 0x0000000718200000| PB 0x0000000718200000| Complete 
| 118|0x0000000718400000, 0x0000000718600000, 0x0000000718600000|100%| E|CS|TAMS 0x0000000718400000| PB 0x0000000718400000| Complete 
| 119|0x0000000718600000, 0x0000000718800000, 0x0000000718800000|100%| E|CS|TAMS 0x0000000718600000| PB 0x0000000718600000| Complete 
| 120|0x0000000718800000, 0x0000000718a00000, 0x0000000718a00000|100%| E|CS|TAMS 0x0000000718800000| PB 0x0000000718800000| Complete 
| 121|0x0000000718a00000, 0x0000000718c00000, 0x0000000718c00000|100%| E|CS|TAMS 0x0000000718a00000| PB 0x0000000718a00000| Complete 
| 122|0x0000000718c00000, 0x0000000718e00000, 0x0000000718e00000|100%| E|CS|TAMS 0x0000000718c00000| PB 0x0000000718c00000| Complete 
| 123|0x0000000718e00000, 0x0000000719000000, 0x0000000719000000|100%| E|CS|TAMS 0x0000000718e00000| PB 0x0000000718e00000| Complete 

Card table byte_map: [0x000002739dcc0000,0x000002739e480000] _byte_map_base: 0x000002739a474000

Marking Bits: (CMBitMap*) 0x0000027396794ec0
 Bits: [0x000002739e480000, 0x00000273a2220000)

Polling page: 0x0000027394600000

Metaspace:

Usage:
  Non-class:      9.13 MB used.
      Class:      1.42 MB used.
       Both:     10.55 MB used.

Virtual space:
  Non-class space:       64.00 MB reserved,       9.31 MB ( 15%) committed,  1 nodes.
      Class space:        1.00 GB reserved,       1.62 MB ( <1%) committed,  1 nodes.
             Both:        1.06 GB reserved,      10.94 MB (  1%) committed. 

Chunk freelists:
   Non-Class:  6.05 MB
       Class:  14.25 MB
        Both:  20.30 MB

MaxMetaspaceSize: unlimited
CompressedClassSpaceSize: 1.00 GB
Initial GC threshold: 21.00 MB
Current GC threshold: 21.00 MB
CDS: on
 - commit_granule_bytes: 65536.
 - commit_granule_words: 8192.
 - virtual_space_node_default_size: 8388608.
 - enlarge_chunks_in_place: 1.
 - use_allocation_guard: 0.


Internal statistics:

num_allocs_failed_limit: 0.
num_arena_births: 372.
num_arena_deaths: 0.
num_vsnodes_births: 2.
num_vsnodes_deaths: 0.
num_space_committed: 175.
num_space_uncommitted: 0.
num_chunks_returned_to_freelist: 0.
num_chunks_taken_from_freelist: 642.
num_chunk_merges: 0.
num_chunk_splits: 402.
num_chunks_enlarged: 252.
num_inconsistent_stats: 0.

CodeCache: size=49152Kb used=6001Kb max_used=6001Kb free=43150Kb
 bounds [0x000002739a0c0000, 0x000002739a6a0000, 0x000002739d0c0000]
 total_blobs=2544, nmethods=2057, adapters=408, full_count=0
Compilation: enabled, stopped_count=0, restarted_count=0

Compilation events (20 events):
Event: 0.941 Thread 0x00000273a50a7450 2047       1       java.lang.invoke.InnerClassLambdaMetafactory::generateConstructor (154 bytes)
Event: 0.941 Thread 0x00000273a5192570 2049       1       java.lang.invoke.InnerClassLambdaMetafactory$ForwardingMethodGenerator::generate (272 bytes)
Event: 0.942 Thread 0x00000273a518d810 nmethod 2050 0x000002739a695190 code [0x000002739a695380, 0x000002739a695798]
Event: 0.942 Thread 0x00000273a518d810 2043       1       java.util.Collections$SingletonList::iterator (8 bytes)
Event: 0.942 Thread 0x00000273a50a7450 nmethod 2047 0x000002739a695b10 code [0x000002739a695da0, 0x000002739a696458]
Event: 0.942 Thread 0x00000273a518d810 nmethod 2043 0x000002739a696890 code [0x000002739a696a20, 0x000002739a696ba0]
Event: 0.942 Thread 0x00000273a50a7450 2048       1       java.lang.invoke.InnerClassLambdaMetafactory$ForwardingMethodGenerator::<init> (11 bytes)
Event: 0.942 Thread 0x00000273a518d810 2051       1       java.lang.invoke.InnerClassLambdaMetafactory$ForwardingMethodGenerator::invocationOpcode (104 bytes)
Event: 0.942 Thread 0x00000273a50a7450 nmethod 2048 0x000002739a696c10 code [0x000002739a696dc0, 0x000002739a696ef8]
Event: 0.942 Thread 0x00000273a5192570 nmethod 2049 0x000002739a696f90 code [0x000002739a697280, 0x000002739a697c08]
Event: 0.942 Thread 0x00000273a518d810 nmethod 2051 0x000002739a698290 code [0x000002739a6984a0, 0x000002739a6988c0]
Event: 0.943 Thread 0x00000273a5191ed0 nmethod 2046 0x000002739a698a90 code [0x000002739a698e40, 0x000002739a699ff8]
Event: 0.945 Thread 0x00000273a5191ed0 2052       1       org.springframework.boot.context.properties.source.ConfigurationPropertyName::buildDefaultToString (138 bytes)
Event: 0.945 Thread 0x00000273a518d810 2053       1       org.springframework.boot.context.properties.source.DefaultPropertyMapper$LastMapping::<init> (15 bytes)
Event: 0.945 Thread 0x00000273a5192570 2054       1       org.springframework.boot.context.properties.source.CachingConfigurationPropertySource::find (21 bytes)
Event: 0.945 Thread 0x00000273a518d810 nmethod 2053 0x000002739a69ab10 code [0x000002739a69aca0, 0x000002739a69ae10]
Event: 0.945 Thread 0x00000273a5192570 nmethod 2054 0x000002739a69ae90 code [0x000002739a69b040, 0x000002739a69b218]
Event: 0.945 Thread 0x00000273a518d810 2055       1       java.util.Collections$UnmodifiableCollection::contains (11 bytes)
Event: 0.945 Thread 0x00000273a518d810 nmethod 2055 0x000002739a69b310 code [0x000002739a69b4c0, 0x000002739a69b5b8]
Event: 0.946 Thread 0x00000273a5191ed0 nmethod 2052 0x000002739a69b690 code [0x000002739a69b8e0, 0x000002739a69bdc8]

GC Heap History (2 events):
Event: 0.574 GC heap before
{Heap before GC invocations=0 (full 0):
 garbage-first heap   total 253952K, used 20480K [0x0000000709800000, 0x0000000800000000)
  region size 2048K, 11 young (22528K), 0 survivors (0K)
 Metaspace       used 6106K, committed 6400K, reserved 1114112K
  class space    used 741K, committed 896K, reserved 1048576K
}
Event: 0.579 GC heap after
{Heap after GC invocations=1 (full 0):
 garbage-first heap   total 253952K, used 6852K [0x0000000709800000, 0x0000000800000000)
  region size 2048K, 2 young (4096K), 2 survivors (4096K)
 Metaspace       used 6106K, committed 6400K, reserved 1114112K
  class space    used 741K, committed 896K, reserved 1048576K
}

Dll operation events (9 events):
Event: 0.009 Loaded shared library C:\sts-4.32.1.RELEASE\plugins\org.eclipse.justj.openjdk.hotspot.jre.full.win32.x86_64_21.0.8.v20250724-1412\jre\bin\java.dll
Event: 0.031 Loaded shared library C:\sts-4.32.1.RELEASE\plugins\org.eclipse.justj.openjdk.hotspot.jre.full.win32.x86_64_21.0.8.v20250724-1412\jre\bin\zip.dll
Event: 0.176 Loaded shared library C:\sts-4.32.1.RELEASE\plugins\org.eclipse.justj.openjdk.hotspot.jre.full.win32.x86_64_21.0.8.v20250724-1412\jre\bin\jimage.dll
Event: 0.181 Loaded shared library C:\sts-4.32.1.RELEASE\plugins\org.eclipse.justj.openjdk.hotspot.jre.full.win32.x86_64_21.0.8.v20250724-1412\jre\bin\net.dll
Event: 0.184 Loaded shared library C:\sts-4.32.1.RELEASE\plugins\org.eclipse.justj.openjdk.hotspot.jre.full.win32.x86_64_21.0.8.v20250724-1412\jre\bin\nio.dll
Event: 0.188 Loaded shared library C:\sts-4.32.1.RELEASE\plugins\org.eclipse.justj.openjdk.hotspot.jre.full.win32.x86_64_21.0.8.v20250724-1412\jre\bin\zip.dll
Event: 0.244 Loaded shared library C:\sts-4.32.1.RELEASE\plugins\org.eclipse.justj.openjdk.hotspot.jre.full.win32.x86_64_21.0.8.v20250724-1412\jre\bin\management.dll
Event: 0.256 Loaded shared library C:\sts-4.32.1.RELEASE\plugins\org.eclipse.justj.openjdk.hotspot.jre.full.win32.x86_64_21.0.8.v20250724-1412\jre\bin\management_ext.dll
Event: 0.475 Loaded shared library C:\sts-4.32.1.RELEASE\plugins\org.eclipse.justj.openjdk.hotspot.jre.full.win32.x86_64_21.0.8.v20250724-1412\jre\bin\extnet.dll

Deoptimization events (0 events):
No events

Classes loaded (20 events):
Event: 0.947 Loading class java/util/concurrent/ConcurrentLinkedDeque$Itr done
Event: 0.947 Loading class jdk/internal/access/JavaObjectInputStreamReadString
Event: 0.947 Loading class jdk/internal/access/JavaObjectInputStreamReadString done
Event: 0.948 Loading class java/io/ObjectInputStream$BlockDataInputStream
Event: 0.948 Loading class java/io/ObjectInputStream$BlockDataInputStream done
Event: 0.948 Loading class java/io/ObjectInputStream$PeekInputStream
Event: 0.948 Loading class java/io/ObjectInputStream$PeekInputStream done
Event: 0.948 Loading class java/io/ObjectInputStream$HandleTable
Event: 0.948 Loading class java/io/ObjectInputStream$HandleTable done
Event: 0.948 Loading class java/io/ObjectInputStream$HandleTable$HandleList
Event: 0.948 Loading class java/io/ObjectInputStream$HandleTable$HandleList done
Event: 0.948 Loading class java/io/ObjectInputStream$ValidationList
Event: 0.948 Loading class java/io/ObjectInputStream$ValidationList done
Event: 0.948 Loading class sun/rmi/transport/Transport$1
Event: 0.948 Loading class sun/rmi/transport/Transport$1 done
Event: 0.949 Loading class sun/rmi/server/MarshalOutputStream$1
Event: 0.949 Loading class sun/rmi/server/MarshalOutputStream$1 done
Event: 0.949 Loading class java/io/ObjectStreamClass$ExceptionInfo
Event: 0.949 Loading class java/io/ObjectStreamClass$ExceptionInfo done
Event: 0.949 Loading class java/rmi/server/RMIClassLoader

Classes unloaded (0 events):
No events

Classes redefined (0 events):
No events

Internal exceptions (20 events):
Event: 0.846 Thread 0x00000273a5bc7c80 Exception <a 'java/lang/NoSuchMethodError'{0x0000000717f05d10}: 'java.lang.Object java.lang.invoke.DirectMethodHandle$Holder.invokeSpecial(java.lang.Object, java.lang.Object, java.lang.Object, java.lang.Object, java.lang.Object, java.lang.Object, java.lang.Object, int)'> (0x0000000717f05d10) 
thrown [s\src\hotspot\share\interpreter\linkResolver.cpp, line 773]
Event: 0.885 Thread 0x00000273a5bc7c80 Exception <a 'java/lang/NoSuchMethodError'{0x0000000717c80c68}: 'int java.lang.invoke.DirectMethodHandle$Holder.invokeVirtual(java.lang.Object, java.lang.Object)'> (0x0000000717c80c68) 
thrown [s\src\hotspot\share\interpreter\linkResolver.cpp, line 773]
Event: 0.889 Thread 0x00000273a5bc7c80 Exception <a 'java/lang/NoSuchMethodError'{0x0000000717c92df0}: 'void java.lang.invoke.DirectMethodHandle$Holder.invokeSpecial(java.lang.Object, java.lang.Object, java.lang.Object, java.lang.Object, java.lang.Object)'> (0x0000000717c92df0) 
thrown [s\src\hotspot\share\interpreter\linkResolver.cpp, line 773]
Event: 0.891 Thread 0x00000273a5bc7c80 Exception <a 'java/lang/NoSuchMethodError'{0x0000000717cc4110}: 'java.lang.Object java.lang.invoke.DirectMethodHandle$Holder.invokeStaticInit(java.lang.Object, java.lang.Object, java.lang.Object, java.lang.Object, java.lang.Object, java.lang.Object, java.lang.Object)'> (0x0000000717cc4110) 
thrown [s\src\hotspot\share\interpreter\linkResolver.cpp, line 773]
Event: 0.892 Thread 0x00000273a5bc7c80 Exception <a 'java/lang/NoSuchMethodError'{0x0000000717cccdc0}: 'java.lang.Object java.lang.invoke.Invokers$Holder.invoke_MT(java.lang.Object, java.lang.Object, java.lang.Object, java.lang.Object, java.lang.Object, java.lang.Object, java.lang.Object, java.lang.Object, java.lang.Object, java.lang.Object)'> (0x0000000717cccdc0) 
thrown [s\src\hotspot\share\interpreter\linkResolver.cpp, line 773]
Event: 0.893 Thread 0x00000273a5bc7c80 Exception <a 'java/lang/NoSuchMethodError'{0x0000000717cd2aa8}: 'java.lang.Object java.lang.invoke.DirectMethodHandle$Holder.invokeStatic(java.lang.Object, java.lang.Object, int)'> (0x0000000717cd2aa8) 
thrown [s\src\hotspot\share\interpreter\linkResolver.cpp, line 773]
Event: 0.894 Thread 0x00000273a5bc7c80 Exception <a 'java/lang/NoSuchMethodError'{0x0000000717ce53a8}: 'void java.lang.invoke.DelegatingMethodHandle$Holder.delegate(java.lang.Object, java.lang.Object, int, java.lang.Object)'> (0x0000000717ce53a8) 
thrown [s\src\hotspot\share\interpreter\linkResolver.cpp, line 773]
Event: 0.896 Thread 0x00000273a5bc7c80 Exception <a 'java/lang/NoSuchMethodError'{0x0000000717d03e40}: 'int java.lang.invoke.DirectMethodHandle$Holder.invokeVirtual(java.lang.Object, java.lang.Object, java.lang.Object)'> (0x0000000717d03e40) 
thrown [s\src\hotspot\share\interpreter\linkResolver.cpp, line 773]
Event: 0.897 Thread 0x00000273a5bc7c80 Exception <a 'java/lang/NoSuchMethodError'{0x0000000717d08420}: 'int java.lang.invoke.DirectMethodHandle$Holder.invokeStaticInit(java.lang.Object, int, int)'> (0x0000000717d08420) 
thrown [s\src\hotspot\share\interpreter\linkResolver.cpp, line 773]
Event: 0.897 Thread 0x00000273a5bc7c80 Exception <a 'java/lang/NoSuchMethodError'{0x0000000717d0fbe8}: 'int java.lang.invoke.DirectMethodHandle$Holder.invokeStaticInit(java.lang.Object, long, long)'> (0x0000000717d0fbe8) 
thrown [s\src\hotspot\share\interpreter\linkResolver.cpp, line 773]
Event: 0.897 Thread 0x00000273a5bc7c80 Exception <a 'java/lang/NoSuchMethodError'{0x0000000717d16930}: 'int java.lang.invoke.DirectMethodHandle$Holder.invokeStaticInit(java.lang.Object, float, float)'> (0x0000000717d16930) 
thrown [s\src\hotspot\share\interpreter\linkResolver.cpp, line 773]
Event: 0.897 Thread 0x00000273a5bc7c80 Exception <a 'java/lang/NoSuchMethodError'{0x0000000717d1d670}: 'int java.lang.invoke.DirectMethodHandle$Holder.invokeStaticInit(java.lang.Object, double, double)'> (0x0000000717d1d670) 
thrown [s\src\hotspot\share\interpreter\linkResolver.cpp, line 773]
Event: 0.898 Thread 0x00000273a5bc7c80 Exception <a 'java/lang/NoSuchMethodError'{0x0000000717d21da8}: 'int java.lang.invoke.DirectMethodHandle$Holder.invokeStatic(java.lang.Object, long)'> (0x0000000717d21da8) 
thrown [s\src\hotspot\share\interpreter\linkResolver.cpp, line 773]
Event: 0.900 Thread 0x00000273a5bc7c80 Exception <a 'java/lang/NoSuchMethodError'{0x0000000717d442a0}: 'int java.lang.invoke.Invokers$Holder.linkToTargetMethod(java.lang.Object, java.lang.Object)'> (0x0000000717d442a0) 
thrown [s\src\hotspot\share\interpreter\linkResolver.cpp, line 773]
Event: 0.918 Thread 0x00000273a5bc7c80 Exception <a 'java/lang/NoSuchMethodError'{0x0000000717dbb2b8}: 'java.lang.Object java.lang.invoke.DirectMethodHandle$Holder.invokeSpecial(java.lang.Object, java.lang.Object, java.lang.Object, int, java.lang.Object)'> (0x0000000717dbb2b8) 
thrown [s\src\hotspot\share\interpreter\linkResolver.cpp, line 773]
Event: 0.919 Thread 0x00000273a5bc7c80 Exception <a 'java/lang/NoSuchMethodError'{0x0000000717dc2cb8}: 'java.lang.Object java.lang.invoke.DirectMethodHandle$Holder.newInvokeSpecial(java.lang.Object, java.lang.Object, java.lang.Object, int, java.lang.Object)'> (0x0000000717dc2cb8) 
thrown [s\src\hotspot\share\interpreter\linkResolver.cpp, line 773]
Event: 0.919 Thread 0x00000273a5bc7c80 Exception <a 'java/lang/NoSuchMethodError'{0x0000000717dca280}: 'java.lang.Object java.lang.invoke.Invokers$Holder.linkToTargetMethod(java.lang.Object, java.lang.Object, int, java.lang.Object, java.lang.Object)'> (0x0000000717dca280) 
thrown [s\src\hotspot\share\interpreter\linkResolver.cpp, line 773]
Event: 0.920 Thread 0x00000273a5bc7c80 Exception <a 'java/lang/NoSuchMethodError'{0x0000000717dd8b10}: 'java.lang.Object java.lang.invoke.DirectMethodHandle$Holder.newInvokeSpecial(java.lang.Object, int, java.lang.Object)'> (0x0000000717dd8b10) 
thrown [s\src\hotspot\share\interpreter\linkResolver.cpp, line 773]
Event: 0.921 Thread 0x00000273a5bc7c80 Exception <a 'java/lang/NoSuchMethodError'{0x0000000717ddc680}: 'int java.lang.invoke.DirectMethodHandle$Holder.invokeSpecialIFC(java.lang.Object, java.lang.Object, java.lang.Object, java.lang.Object)'> (0x0000000717ddc680) 
thrown [s\src\hotspot\share\interpreter\linkResolver.cpp, line 773]
Event: 0.941 Thread 0x00000273a5bc7c80 Exception <a 'java/lang/NoSuchMethodError'{0x0000000717a8b2e0}: 'void java.lang.invoke.DirectMethodHandle$Holder.invokeInterface(java.lang.Object, java.lang.Object, java.lang.Object)'> (0x0000000717a8b2e0) 
thrown [s\src\hotspot\share\interpreter\linkResolver.cpp, line 773]

ZGC Phase Switch (0 events):
No events

VM Operations (20 events):
Event: 0.392 Executing VM operation: HandshakeAllThreads (Deoptimize)
Event: 0.392 Executing VM operation: HandshakeAllThreads (Deoptimize) done
Event: 0.417 Executing VM operation: HandshakeAllThreads (Deoptimize)
Event: 0.417 Executing VM operation: HandshakeAllThreads (Deoptimize) done
Event: 0.465 Executing VM operation: HandshakeAllThreads (Deoptimize)
Event: 0.465 Executing VM operation: HandshakeAllThreads (Deoptimize) done
Event: 0.498 Executing VM operation: HandshakeAllThreads (Deoptimize)
Event: 0.498 Executing VM operation: HandshakeAllThreads (Deoptimize) done
Event: 0.528 Executing VM operation: HandshakeAllThreads (Deoptimize)
Event: 0.528 Executing VM operation: HandshakeAllThreads (Deoptimize) done
Event: 0.532 Executing VM operation: HandshakeAllThreads (Deoptimize)
Event: 0.532 Executing VM operation: HandshakeAllThreads (Deoptimize) done
Event: 0.532 Executing VM operation: HandshakeAllThreads (Deoptimize)
Event: 0.532 Executing VM operation: HandshakeAllThreads (Deoptimize) done
Event: 0.574 Executing VM operation: G1CollectForAllocation (G1 Evacuation Pause)
Event: 0.579 Executing VM operation: G1CollectForAllocation (G1 Evacuation Pause) done
Event: 0.750 Executing VM operation: HandshakeAllThreads (Deoptimize)
Event: 0.750 Executing VM operation: HandshakeAllThreads (Deoptimize) done
Event: 0.931 Executing VM operation: ICBufferFull
Event: 0.931 Executing VM operation: ICBufferFull done

Memory protections (0 events):
No events

Nmethod flushes (0 events):
No events

Events (19 events):
Event: 0.021 Thread 0x000002739672dfc0 Thread added: 0x000002739672dfc0
Event: 0.037 Thread 0x000002739672dfc0 Thread added: 0x00000273a46ee510
Event: 0.037 Thread 0x000002739672dfc0 Thread added: 0x00000273a5090080
Event: 0.037 Thread 0x000002739672dfc0 Thread added: 0x00000273a5095c10
Event: 0.038 Thread 0x000002739672dfc0 Thread added: 0x00000273a5096660
Event: 0.038 Thread 0x000002739672dfc0 Thread added: 0x00000273a5097d50
Event: 0.038 Thread 0x000002739672dfc0 Thread added: 0x00000273a509d950
Event: 0.038 Thread 0x000002739672dfc0 Thread added: 0x00000273a50a7450
Event: 0.155 Thread 0x000002739672dfc0 Thread added: 0x00000273a5129810
Event: 0.161 Thread 0x00000273a50a7450 Thread added: 0x00000273a518d810
Event: 0.162 Thread 0x00000273a518d810 Thread added: 0x00000273a5191ed0
Event: 0.162 Thread 0x00000273a518d810 Thread added: 0x00000273a5192570
Event: 0.168 Thread 0x000002739672dfc0 Thread added: 0x00000273a51ea090
Event: 0.478 Thread 0x000002739672dfc0 Thread added: 0x00000273a581a840
Event: 0.488 Thread 0x000002739672dfc0 Thread added: 0x00000273a5821dd0
Event: 0.503 Thread 0x000002739672dfc0 Thread added: 0x00000273a5840500
Event: 0.707 Thread 0x000002739672dfc0 Thread added: 0x00000273a5b93030
Event: 0.710 Thread 0x00000273a5b93030 Thread added: 0x00000273a5bc7c80
Event: 0.941 Thread 0x00000273a5821dd0 Thread added: 0x00000273eb0acdc0


Dynamic libraries:
0x00007ff6546d0000 - 0x00007ff6546de000 	C:\sts-4.32.1.RELEASE\plugins\org.eclipse.justj.openjdk.hotspot.jre.full.win32.x86_64_21.0.8.v20250724-1412\jre\bin\javaw.exe
0x00007fff6bbc0000 - 0x00007fff6be27000 	C:\windows\SYSTEM32\ntdll.dll
0x00007fff6a5a0000 - 0x00007fff6a66b000 	C:\windows\System32\KERNEL32.DLL
0x00007fff69210000 - 0x00007fff69612000 	C:\windows\System32\KERNELBASE.dll
0x00007fff69000000 - 0x00007fff6914c000 	C:\windows\System32\ucrtbase.dll
0x00007fff2d200000 - 0x00007fff2d21e000 	C:\sts-4.32.1.RELEASE\plugins\org.eclipse.justj.openjdk.hotspot.jre.full.win32.x86_64_21.0.8.v20250724-1412\jre\bin\VCRUNTIME140.dll
0x00007fff50d60000 - 0x00007fff50d78000 	C:\sts-4.32.1.RELEASE\plugins\org.eclipse.justj.openjdk.hotspot.jre.full.win32.x86_64_21.0.8.v20250724-1412\jre\bin\jli.dll
0x00007fff6ab80000 - 0x00007fff6ad4f000 	C:\windows\System32\USER32.dll
0x00007fff2d5c0000 - 0x00007fff2d850000 	C:\windows\WinSxS\amd64_microsoft.windows.common-controls_6595b64144ccf1df_6.0.26100.9278_none_3e0d1ba8e3303201\COMCTL32.dll
0x00007fff68e80000 - 0x00007fff68ea7000 	C:\windows\System32\win32u.dll
0x00007fff6a0a0000 - 0x00007fff6a149000 	C:\windows\System32\msvcrt.dll
0x00007fff6ab50000 - 0x00007fff6ab7b000 	C:\windows\System32\GDI32.dll
0x00007fff697b0000 - 0x00007fff698d9000 	C:\windows\System32\gdi32full.dll
0x00007fff69160000 - 0x00007fff69203000 	C:\windows\System32\msvcp_win.dll
0x00007fff6b130000 - 0x00007fff6b161000 	C:\windows\System32\IMM32.DLL
0x00007fff4ca50000 - 0x00007fff4ca5c000 	C:\sts-4.32.1.RELEASE\plugins\org.eclipse.justj.openjdk.hotspot.jre.full.win32.x86_64_21.0.8.v20250724-1412\jre\bin\vcruntime140_1.dll
0x00007ffed28e0000 - 0x00007ffed296d000 	C:\sts-4.32.1.RELEASE\plugins\org.eclipse.justj.openjdk.hotspot.jre.full.win32.x86_64_21.0.8.v20250724-1412\jre\bin\msvcp140.dll
0x00007ffed0c70000 - 0x00007ffed1a07000 	C:\sts-4.32.1.RELEASE\plugins\org.eclipse.justj.openjdk.hotspot.jre.full.win32.x86_64_21.0.8.v20250724-1412\jre\bin\server\jvm.dll
0x00007fff69c00000 - 0x00007fff69cbc000 	C:\windows\System32\ADVAPI32.dll
0x00007fff6ad60000 - 0x00007fff6ae09000 	C:\windows\System32\sechost.dll
0x00007fff69a80000 - 0x00007fff69b98000 	C:\windows\System32\RPCRT4.dll
0x00007fff69cd0000 - 0x00007fff69d50000 	C:\windows\System32\WS2_32.dll
0x00007fff644e0000 - 0x00007fff644eb000 	C:\windows\SYSTEM32\VERSION.dll
0x00007fff68c40000 - 0x00007fff68c9e000 	C:\windows\SYSTEM32\POWRPROF.dll
0x00007fff65270000 - 0x00007fff652a6000 	C:\windows\SYSTEM32\WINMM.dll
0x00007fff68c20000 - 0x00007fff68c35000 	C:\windows\SYSTEM32\UMPDC.dll
0x00007fff67a70000 - 0x00007fff67a8b000 	C:\windows\SYSTEM32\kernel.appcore.dll
0x00007fff5f870000 - 0x00007fff5f87a000 	C:\sts-4.32.1.RELEASE\plugins\org.eclipse.justj.openjdk.hotspot.jre.full.win32.x86_64_21.0.8.v20250724-1412\jre\bin\jimage.dll
0x00007fff663a0000 - 0x00007fff665ec000 	C:\windows\SYSTEM32\DBGHELP.DLL
0x00007fff6a150000 - 0x00007fff6a4d5000 	C:\windows\System32\combase.dll
0x00007fff6ae10000 - 0x00007fff6aee9000 	C:\windows\System32\OLEAUT32.dll
0x00007fff56db0000 - 0x00007fff56deb000 	C:\windows\SYSTEM32\dbgcore.DLL
0x00007fff68f40000 - 0x00007fff68fec000 	C:\windows\System32\bcryptPrimitives.dll
0x00007fff4d690000 - 0x00007fff4d6af000 	C:\sts-4.32.1.RELEASE\plugins\org.eclipse.justj.openjdk.hotspot.jre.full.win32.x86_64_21.0.8.v20250724-1412\jre\bin\java.dll
0x00007fff6b200000 - 0x00007fff6b998000 	C:\windows\System32\SHELL32.dll
0x00007fff667f0000 - 0x00007fff6709e000 	C:\windows\SYSTEM32\windows.storage.dll
0x00007fff6aef0000 - 0x00007fff6afeb000 	C:\windows\System32\SHCORE.dll
0x00007fff69df0000 - 0x00007fff69e56000 	C:\windows\System32\shlwapi.dll
0x00007fff68ce0000 - 0x00007fff68d09000 	C:\windows\SYSTEM32\profapi.dll
0x00007fff4d670000 - 0x00007fff4d688000 	C:\sts-4.32.1.RELEASE\plugins\org.eclipse.justj.openjdk.hotspot.jre.full.win32.x86_64_21.0.8.v20250724-1412\jre\bin\zip.dll
0x00007fff5f850000 - 0x00007fff5f860000 	C:\sts-4.32.1.RELEASE\plugins\org.eclipse.justj.openjdk.hotspot.jre.full.win32.x86_64_21.0.8.v20250724-1412\jre\bin\net.dll
0x00007fff60c80000 - 0x00007fff60daa000 	C:\windows\SYSTEM32\WINHTTP.dll
0x00007fff68050000 - 0x00007fff680bc000 	C:\windows\system32\mswsock.dll
0x00007fff2d380000 - 0x00007fff2d396000 	C:\sts-4.32.1.RELEASE\plugins\org.eclipse.justj.openjdk.hotspot.jre.full.win32.x86_64_21.0.8.v20250724-1412\jre\bin\nio.dll
0x00007fff54e70000 - 0x00007fff54e7a000 	C:\sts-4.32.1.RELEASE\plugins\org.eclipse.justj.openjdk.hotspot.jre.full.win32.x86_64_21.0.8.v20250724-1412\jre\bin\management.dll
0x00007fff54c80000 - 0x00007fff54c8b000 	C:\sts-4.32.1.RELEASE\plugins\org.eclipse.justj.openjdk.hotspot.jre.full.win32.x86_64_21.0.8.v20250724-1412\jre\bin\management_ext.dll
0x00007fff6a080000 - 0x00007fff6a088000 	C:\windows\System32\PSAPI.DLL
0x00007fff2e800000 - 0x00007fff2e818000 	C:\windows\system32\napinsp.dll
0x00007fff67500000 - 0x00007fff67658000 	C:\windows\SYSTEM32\DNSAPI.dll
0x00007fff67e50000 - 0x00007fff67e5d000 	C:\windows\SYSTEM32\DSPARSE.dll
0x00007fff67460000 - 0x00007fff67493000 	C:\windows\SYSTEM32\IPHLPAPI.DLL
0x00007fff698e0000 - 0x00007fff698ea000 	C:\windows\System32\NSI.dll
0x00007fff2e890000 - 0x00007fff2e8a3000 	C:\windows\System32\winrnr.dll
0x00007fff2e860000 - 0x00007fff2e887000 	C:\windows\system32\nlansp_c.dll
0x00007fff60120000 - 0x00007fff60136000 	C:\windows\system32\wshbth.dll
0x00007fff60850000 - 0x00007fff6085b000 	C:\Windows\System32\rasadhlp.dll
0x00007fff633b0000 - 0x00007fff63436000 	C:\windows\System32\fwpuclnt.dll
0x00007fff68340000 - 0x00007fff6835b000 	C:\windows\SYSTEM32\CRYPTSP.dll
0x00007fff679d0000 - 0x00007fff67a09000 	C:\windows\system32\rsaenh.dll
0x00007fff68100000 - 0x00007fff68134000 	C:\windows\SYSTEM32\USERENV.dll
0x00007fff68cb0000 - 0x00007fff68cda000 	C:\windows\SYSTEM32\bcrypt.dll
0x00007fff68360000 - 0x00007fff6836c000 	C:\windows\SYSTEM32\CRYPTBASE.dll
0x00007fff4d420000 - 0x00007fff4d429000 	C:\sts-4.32.1.RELEASE\plugins\org.eclipse.justj.openjdk.hotspot.jre.full.win32.x86_64_21.0.8.v20250724-1412\jre\bin\extnet.dll

JVMTI agents: none

dbghelp: loaded successfully - version: 4.0.5 - missing functions: none
symbol engine: initialized successfully - sym options: 0x614 - pdb path: .;C:\sts-4.32.1.RELEASE\plugins\org.eclipse.justj.openjdk.hotspot.jre.full.win32.x86_64_21.0.8.v20250724-1412\jre\bin;C:\windows\SYSTEM32;C:\windows\WinSxS\amd64_microsoft.windows.common-controls_6595b64144ccf1df_6.0.26100.9278_none_3e0d1ba8e3303201;C:\sts-4.32.1.RELEASE\plugins\org.eclipse.justj.openjdk.hotspot.jre.full.win32.x86_64_21.0.8.v20250724-1412\jre\bin\server

VM Arguments:
jvm_args: -Dcom.sun.management.jmxremote -Dcom.sun.management.jmxremote.port=58908 -Dcom.sun.management.jmxremote.authenticate=false -Dcom.sun.management.jmxremote.ssl=false -Djava.rmi.server.hostname=localhost -Dspring.jmx.enabled=true -Dmanagement.endpoints.jmx.exposure.include=* -Dspring.application.admin.enabled=true -Dspring.output.ansi.enabled=always -XX:TieredStopAtLevel=1 -Dspring.boot.project.name=Moyo -Dfile.encoding=UTF-8 -Dstdout.encoding=UTF-8 -Dstderr.encoding=UTF-8 -XX:+ShowCodeDetailsInExceptionMessages 
java_command: com.springboot.project.MoyoApplication
java_class_path (initial): C:\Springboot\Moyo\bin\main;C:\Users\yjkon\.gradle\caches\modules-2\files-2.1\org.projectlombok\lombok\1.18.44\503fd0b002dbb237fa4656cf4b8021666a8aebac\lombok-1.18.44.jar;C:\Users\yjkon\.gradle\caches\modules-2\files-2.1\jakarta.servlet.jsp.jstl\jakarta.servlet.jsp.jstl-api\3.0.2\3993114cd341afa42b2c2841c88ef653fa7ef3ee\jakarta.servlet.jsp.jstl-api-3.0.2.jar;C:\Users\yjkon\.gradle\caches\modules-2\files-2.1\jakarta.servlet\jakarta.servlet-api\6.0.0\abecc699286e65035ebba9844c03931357a6a963\jakarta.servlet-api-6.0.0.jar;C:\Users\yjkon\.gradle\caches\modules-2\files-2.1\org.mybatis.spring.boot\mybatis-spring-boot-starter\3.0.5\91c44db6926ba623231866909e63d29e156a6c70\mybatis-spring-boot-starter-3.0.5.jar;C:\Users\yjkon\.gradle\caches\modules-2\files-2.1\org.springframework.boot\spring-boot-starter-jdbc\3.5.12\bf1f536f7c8afe624c5449a2b32b1f03d9fdc35c\spring-boot-starter-jdbc-3.5.12.jar;C:\Users\yjkon\.gradle\caches\modules-2\files-2.1\org.springframework.boot\spring-boot-starter-websocket\3.5.12\8d37831cdcab99180e2c69ae248c1bd0279d76c0\spring-boot-starter-websocket-3.5.12.jar;C:\Users\yjkon\.gradle\caches\modules-2\files-2.1\org.springframework.boot\spring-boot-starter-web\3.5.12\1fc113e09cd1b29c07f86538c12ae4a8ac7e1b1e\spring-boot-starter-web-3.5.12.jar;C:\Users\yjkon\.gradle\caches\modules-2\files-2.1\org.springframework.boot\spring-boot-starter-security\3.5.12\146da7ed92284549254fdddd4124c590d9fba910\spring-boot-starter-security-3.5.12.jar;C:\Users\yjkon\.gradle\caches\modules-2\files-2.1\org.springframework.boot\spring-boot-starter-mail\3.5.12\6b7c9d06c425ccad6b04078511af19fc76eb3fd8\spring-boot-starter-mail-3.5.12.jar;C:\Users\yjkon\.gradle\caches\modules-2\files-2.1\org.glassfish.web\jakarta.servlet.jsp.jstl\3.0.1\78909a1354585b2a7a2d3b4e348fceff8b6d180\jakarta.servlet.jsp.jstl-3.0.1.jar;C:\Users\yjkon\.gradle\caches\modules-2\files-2.1\org.glassfish\jakarta.el\4.0.2\d67e18e7b3500dc91fe941ed3a1807074eaac750\jakarta.el-4.0.2.jar;C:\Users\yjkon\.gradle\caches\modules-2\files-2.1\org.apache.tomcat.embed\tomcat-embed-jasper\10.1.52\7040985eb25a8ef1b00f1039eece35aeef5445ac\tomcat-embed-jasper-10.1.52.jar;C:\Users\yjkon\.gradle\caches\modules-2\files-2.1\org.bgee.log4jdbc-log4j2\log4jdbc-log4j2-jdbc4.1\1.16\ce7cd831b2e3e5d428e659a6fdae0fb6b89f3cc7\log4jdbc-log4j2-jdbc4.1-1.16.jar;C:\Users\yjkon\.gradle\caches\modules-2\files-2.1\com.ibm.icu\icu4j\74.2\97222d018f7f43cae88cacd1fad39717b001ffc4\icu4j-74.2.jar;C:\Users\yjkon\.gradle\caches\modules-2\files-2.1\org.jsoup\jsoup\1.18.3\fb42d6cc9898ced4b73175eac49c61a40f35325\jsoup-1.18.3.jar;C:\Users\yjkon\.gradle\caches\modules-2\files-2.1\org.springframework.boot\spring-boot-starter-json\3.5.12\e44fdbe7dd3a90052f4f5ec393da0046a1b8fea1\spring-boot-starter-json-3.5.12.jar;C:\Users\yjkon\.gradle\caches\modules-2\files-2.1\org.springframework.boot\spring-boot-starter\3.5.12\366474f6b168f84f634d14f77418d7208d8034c9\spring-boot-starter-3.5.12.jar;C:\Users\yjkon\.gradle\caches\modules-2\files-2.1\com.zaxxer\HikariCP\6.3.3\7c5aec1e47a97ff40977e0193018865304ea9585\HikariCP-6.3.3.jar;C:\Users\yjkon\.gradle\caches\modules-2\files-2.1\org.springframework\spring-jdbc\6.2.17\664fddbf6f727666cfacd2bb058720feab15be62\spring-jdbc-6.2.17.jar;C:\Users\yjkon\.gradle\caches\modules-2\files-2.1\org.springframework.boot\spring-boot-starter-tomcat\3.5.12\ecc923ea9e6f3cf03b6e75883dd800078929535d\spring-boot-starter-tomcat-3.5.12.jar;C:\Users\yjkon\.gradle\caches\modules-2\files-2.1\org.springframework\spring-webmvc\6.2.17\5c49b782703377274dd1e1405825fa2cd0ca4d8b\spring-webmvc-6.2.17.jar;C:\Users\yjkon\.gradle\caches\modules-2\files-2.1\org.springframework.security\spring-security-web\6.5.9\9fd9dfc9f68dca28089179bb27ba24bfb5b49801\spring-security-web-6.5.9.jar;C:\Users\yjkon\.gradle\caches\modules-2\files-2.1\org.springframework\spring-websocket\6.2.17\d9eefd8cea311ee46ecc7933d76a17e84480ee16\spring-websocket-6.2.17.jar;C:\Users\yjkon\.gradle\caches\modules-2\files-2.1\org.springframework\spring-web\6.2.17\7ff3be531a63850bb91d31aaeada0578e96a0fec\spring-web-6.2.17.jar;C:\Users\yjkon\.gradle\caches\modules-2\files-2.1\org.springframework.security\spring-security-config\6.5.9\8d3ca072f0a9d30cf312f3878922bb9c417d0db6\spring-security-config-6.5.9.jar;C:\Users\yjkon\.gradle\caches\modules-2\files-2.1\org.springframework\spring-context-support\6.2.17\2fdb766bb874baa6cf947f02dbdce74621ec07f4\spring-context-support-6.2.17.jar;C:\Users\yjkon\.gradle\caches\modules-2\files-2.1\org.mybatis.spring.boot\mybatis-spring-boot-autoconfigure\3.0.5\efa25788216b34f773a6af6d0c544512ae796fd6\mybatis-spring-boot-autoconfigure-3.0.5.jar;C:\Users\yjkon\.gradle\caches\modules-2\files-2.1\org.springframework.boot\spring-boot-autoconfigure\3.5.12\5c150628493f049b93c0e499063167a08ba5e3b6\spring-boot-autoconfigure-3.5.12.jar;C:\Users\yjkon\.gradle\caches\modules-2\files-2.1\org.springframework.boot\spring-boot\3.5.12\da8301111d026baad823ca00e19b636bc5ef0699\spring-boot-3.5.12.jar;C:\Users\yjkon\.gradle\caches\modules-2\files-2.1\org.springframework.security\spring-security-core\6.5.9\a9c374607e9f8593c28dbb93feb4ef1ee32aa527\spring-security-core-6.5.9.jar;C:\Users\yjkon\.gradle\caches\modules-2\files-2.1\org.springframework\spring-context\6.2.17\6d517bc49acaea046f0daeddc64018dcb8e1f53d\spring-context-6.2.17.jar;C:\Users\yjkon\.gradle\caches\modules-2\files-2.1\org.springframework\spring-aop\6.2.17\f668a8c9a6771eeee4069a720a3e9b9fcfd9e88f\spring-aop-6.2.17.jar;C:\Users\yjkon\.gradle\caches\modules-2\files-2.1\org.eclipse.angus\jakarta.mail\2.0.5\68ce3f8ddb70d375e2ae4d820ba64da0ed56a940\jakarta.mail-2.0.5.jar;C:\Users\yjkon\.gradle\caches\modules-2\files-2.1\org.mybatis\mybatis\3.5.19\79b20d963e38e66f41431ea49bc22f7cce718142\mybatis-3.5.19.jar;C:\Users\yjkon\.gradle\caches\modules-2\files-2.1\org.mybatis\mybatis-spring\3.0.5\8718fbef43de30ce121669245143dbc1b5400083\mybatis-spring-3.0.5.jar;C:\Users\yjkon\.gradle\caches\modules-2\files-2.1\jakarta.el\jakarta.el-api\5.0.0\2a22b304920f43d6427cdefb5ce5f6726e2a63a3\jakarta.el-api-5.0.0.jar;C:\Users\yjkon\.gradle\caches\modules-2\files-2.1\org.apache.tomcat.embed\tomcat-embed-websocket\10.1.52\9d32b801fb474306349013fcdd8317c8cb4d739e\tomcat-embed-websocket-10.1.52.jar;C:\Users\yjkon\.gradle\caches\modules-2\files-2.1\org.apache.tomcat.embed\tomcat-embed-core\10.1.52\f512bef2796b51299f4752f95918982c3003131d\tomcat-embed-core-10.1.52.jar;C:\Users\yjkon\.gradle\caches\modules-2\files-2.1\org.apache.tomcat.embed\tomcat-embed-el\10.1.52\cd94ce17c5a9937eca365eb494711efa10d49b86\tomcat-embed-el-10.1.52.jar;C:\Users\yjkon\.gradle\caches\modules-2\files-2.1\org.eclipse.jdt\ecj\3.33.0\4041d27ffea3c9351e3121f9bfe94dea4723d583\ecj-3.33.0.jar;C:\Users\yjkon\.gradle\caches\modules-2\files-2.1\org.springframework\spring-messaging\6.2.17\17c7421bc1e4e56d440944d1e0cdc8f2c4a82d78\spring-messaging-6.2.17.jar;C:\Users\yjkon\.gradle\caches\modules-2\files-2.1\org.springframework.boot\spring-boot-starter-logging\3.5.12\ef7ca6cf57214c5af46d0f408886ee8468bfc986\spring-boot-starter-logging-3.5.12.jar;C:\Users\yjkon\.gradle\caches\modules-2\files-2.1\jakarta.annotation\jakarta.annotation-api\2.1.1\48b9bda22b091b1f48b13af03fe36db3be6e1ae3\jakarta.annotation-api-2.1.1.jar;C:\Users\yjkon\.gradle\caches\modules-2\files-2.1\org.springframework\spring-tx\6.2.17\4851d7922698139cb7c90aa6358853495dd10d95\spring-tx-6.2.17.jar;C:\Users\yjkon\.gradle\caches\modules-2\files-2.1\org.springframework\spring-beans\6.2.17\8e1bc0b4388c013bb984ba4ea47560b997fc2c77\spring-beans-6.2.17.jar;C:\Users\yjkon\.gradle\caches\modules-2\files-2.1\org.springframework\spring-expression\6.2.17\d2f104d59e9a2d70c7f55c50c79417a63a24ad86\spring-expression-6.2.17.jar;C:\Users\yjkon\.gradle\caches\modules-2\files-2.1\org.springframework\spring-core\6.2.17\30e3c17a0df9fab46363a9c2c5a65a997b88fab3\spring-core-6.2.17.jar;C:\Users\yjkon\.gradle\caches\modules-2\files-2.1\org.yaml\snakeyaml\2.4\e0666b825b796f85521f02360e77f4c92c5a7a07\snakeyaml-2.4.jar;C:\Users\yjkon\.gradle\caches\modules-2\files-2.1\ch.qos.logback\logback-classic\1.5.32\2b1042c50f508f2eb402bd4d22ccbdf94cc37d2e\logback-classic-1.5.32.jar;C:\Users\yjkon\.gradle\caches\modules-2\files-2.1\org.apache.logging.log4j\log4j-to-slf4j\2.24.3\da1143e2a2531ee1c2d90baa98eb50a28a39d5a7\log4j-to-slf4j-2.24.3.jar;C:\Users\yjkon\.gradle\caches\modules-2\files-2.1\org.slf4j\jul-to-slf4j\2.0.17\524cb6ccc2b68a57604750e1ab8b13b5a786a6aa\jul-to-slf4j-2.0.17.jar;C:\Users\yjkon\.gradle\caches\modules-2\files-2.1\org.slf4j\slf4j-api\2.0.17\d9e58ac9c7779ba3bf8142aff6c830617a7fe60f\slf4j-api-2.0.17.jar;C:\Users\yjkon\.gradle\caches\modules-2\files-2.1\com.fasterxml.jackson.datatype\jackson-datatype-jsr310\2.19.4\3cbcf2e636a6b062772299bf19a347536e58c4df\jackson-datatype-jsr310-2.19.4.jar;C:\Users\yjkon\.gradle\caches\modules-2\files-2.1\com.fasterxml.jackson.module\jackson-module-parameter-names\2.19.4\502dfea4c83502f444837b3d040a51e8475f15f2\jackson-module-parameter-names-2.19.4.jar;C:\Users\yjkon\.gradle\caches\modules-2\files-2.1\com.fasterxml.jackson.core\jackson-annotations\2.19.4\bbb09b1e7f7f5108890270eb701cb3ddef991c05\jackson-annotations-2.19.4.jar;C:\Users\yjkon\.gradle\caches\modules-2\files-2.1\com.fasterxml.jackson.core\jackson-core\2.19.4\a720ca9b800742699e041c3890f3731fe516085e\jackson-core-2.19.4.jar;C:\Users\yjkon\.gradle\caches\modules-2\files-2.1\com.fasterxml.jackson.datatype\jackson-datatype-jdk8\2.19.4\90d304bcdb1a4bacb6f4347be625d75300973c60\jackson-datatype-jdk8-2.19.4.jar;C:\Users\yjkon\.gradle\caches\modules-2\files-2.1\com.fasterxml.jackson.core\jackson-databind\2.19.4\7a39bf9257b726b90b80f27fa3f5174bc75162a5\jackson-databind-2.19.4.jar;C:\Users\yjkon\.gradle\caches\modules-2\files-2.1\io.micrometer\micrometer-observation\1.15.10\42999983f290de6ec33be384c5ca846d6a8d4a9\micrometer-observation-1.15.10.jar;C:\Users\yjkon\.gradle\caches\modules-2\files-2.1\jakarta.activation\jakarta.activation-api\2.1.4\9e5c2a0d75dde71a0bedc4dbdbe47b78a5dc50f8\jakarta.activation-api-2.1.4.jar;C:\Users\yjkon\.gradle\caches\modules-2\files-2.1\org.apache.tomcat\tomcat-annotations-api\10.1.52\91e734373dc788b36e3556d6306a3b5d1da9e9b3\tomcat-annotations-api-10.1.52.jar;C:\Users\yjkon\.gradle\caches\modules-2\files-2.1\org.springframework\spring-jcl\6.2.17\52bae2d624c7af75bfde0ae749b58e1f7b17a712\spring-jcl-6.2.17.jar;C:\Users\yjkon\.gradle\caches\modules-2\files-2.1\io.micrometer\micrometer-commons\1.15.10\57d272e7d7948e88e1edd667672bf5ef8ddc0023\micrometer-commons-1.15.10.jar;C:\Users\yjkon\.gradle\caches\modules-2\files-2.1\org.springframework.security\spring-security-crypto\6.5.9\436b30296cf61b7986a9065bf25aee30c60343bd\spring-security-crypto-6.5.9.jar;C:\Users\yjkon\.gradle\caches\modules-2\files-2.1\ch.qos.logback\logback-core\1.5.32\fdfb3ff9a842303d4a95207294a6c6bc64e2605d\logback-core-1.5.32.jar;C:\Users\yjkon\.gradle\caches\modules-2\files-2.1\org.apache.logging.log4j\log4j-api\2.24.3\b02c125db8b6d295adf72ae6e71af5d83bce2370\log4j-api-2.24.3.jar;C:\Users\yjkon\.gradle\caches\modules-2\files-2.1\org.springframework.boot\spring-boot-devtools\3.5.12\5f6e5d24e41ff6700c5e1258fc997a361e4e441c\spring-boot-devtools-3.5.12.jar;C:\Users\yjkon\.gradle\caches\modules-2\files-2.1\com.oracle.database.jdbc\ojdbc11\23.7.0.25.01\665f52abef9122ce003b5cfc1d9d44f7302e2cfe\ojdbc11-23.7.0.25.01.jar;C:\Users\yjkon\.gradle\caches\modules-2\files-2.1\org.eclipse.angus\angus-activation\2.0.3\7f80607ea5014fef0b1779e6c33d63a88a45a563\angus-activation-2.0.3.jar
Launcher Type: SUN_STANDARD

[Global flags]
     intx CICompilerCount                          = 4                                         {product} {ergonomic}
     uint ConcGCThreads                            = 3                                         {product} {ergonomic}
     uint G1ConcRefinementThreads                  = 11                                        {product} {ergonomic}
   size_t G1HeapRegionSize                         = 2097152                                   {product} {ergonomic}
    uintx GCDrainStackTargetSize                   = 64                                        {product} {ergonomic}
   size_t InitialHeapSize                          = 260046848                                 {product} {ergonomic}
     bool ManagementServer                         = true                                      {product} {command line}
   size_t MarkStackSize                            = 4194304                                   {product} {ergonomic}
   size_t MaxHeapSize                              = 4135583744                                {product} {ergonomic}
   size_t MaxNewSize                               = 2480930816                                {product} {ergonomic}
   size_t MinHeapDeltaBytes                        = 2097152                                   {product} {ergonomic}
   size_t MinHeapSize                              = 8388608                                   {product} {ergonomic}
    uintx NonNMethodCodeHeapSize                   = 4096                                   {pd product} {ergonomic}
    uintx NonProfiledCodeHeapSize                  = 0                                      {pd product} {ergonomic}
     bool ProfileInterpreter                       = false                                  {pd product} {command line}
    uintx ProfiledCodeHeapSize                     = 0                                      {pd product} {ergonomic}
     bool ShowCodeDetailsInExceptionMessages       = true                                   {manageable} {command line}
   size_t SoftMaxHeapSize                          = 4135583744                             {manageable} {ergonomic}
     intx TieredStopAtLevel                        = 1                                         {product} {command line}
     bool UseCompressedOops                        = true                           {product lp64_product} {ergonomic}
     bool UseG1GC                                  = true                                      {product} {ergonomic}
     bool UseLargePagesIndividualAllocation        = false                                  {pd product} {ergonomic}

Logging:
Log output configuration:
 #0: stdout all=warning uptime,level,tags foldmultilines=false
 #1: stderr all=off uptime,level,tags foldmultilines=false

Environment Variables:
JAVA_HOME=c:\program files\java\jdk-21
PATH=C:/sts-4.32.1.RELEASE//plugins/org.eclipse.justj.openjdk.hotspot.jre.full.win32.x86_64_21.0.8.v20250724-1412/jre/bin/server;C:/sts-4.32.1.RELEASE//plugins/org.eclipse.justj.openjdk.hotspot.jre.full.win32.x86_64_21.0.8.v20250724-1412/jre/bin;C:\Program Files\Common Files\Oracle\Java\javapath;C:\Program Files\Eclipse Adoptium\jdk-21.0.12.101-hotspot\bin;C:\app\yjkon\product\21c\dbhomeXE\bin;C:\windows\system32;C:\windows;C:\windows\System32\Wbem;C:\windows\System32\WindowsPowerShell\v1.0\;C:\windows\System32\OpenSSH\;C:\Users\yjkon\AppData\Local\Programs\Python\Python313\Scripts\;C:\Users\yjkon\AppData\Local\Programs\Python\Python313\;C:\Users\yjkon\AppData\Local\Programs\Python\Launcher\;C:\Users\yjkon\AppData\Local\Microsoft\WindowsApps;C:\Users\yjkon\AppData\Local\Programs\Microsoft VS Code\bin;C:\sts-4.32.1.RELEASE;
USERNAME=yjkon
OS=Windows_NT
PROCESSOR_IDENTIFIER=Intel64 Family 6 Model 181 Stepping 0, GenuineIntel
TMP=C:\Users\yjkon\AppData\Local\Temp
TEMP=C:\Users\yjkon\AppData\Local\Temp




Periodic native trim disabled

---------------  S Y S T E M  ---------------

OS:
 Windows 11 , 64 bit Build 26100 (10.0.26100.9444)
OS uptime: 0 days 0:58 hours
Hyper-V role detected

CPU: total 14 (initial active 14) (7 cores per cpu, 2 threads per core) family 6 model 181 stepping 0 microcode 0xd, cx8, cmov, fxsr, ht, mmx, 3dnowpref, sse, sse2, sse3, ssse3, sse4.1, sse4.2, popcnt, lzcnt, tsc, tscinvbit, avx, avx2, aes, erms, clmul, bmi1, bmi2, adx, sha, fma, vzeroupper, clflush, clflushopt, clwb, hv, serialize, rdtscp, rdpid, fsrm, f16c, cet_ibt, cet_ss
Processor Information for processor 0
  Max Mhz: 1500, Current Mhz: 1500, Mhz Limit: 1500
Processor Information for processor 1
  Max Mhz: 1500, Current Mhz: 1500, Mhz Limit: 1500
Processor Information for processor 2
  Max Mhz: 1300, Current Mhz: 1300, Mhz Limit: 1300
Processor Information for processor 3
  Max Mhz: 1300, Current Mhz: 1300, Mhz Limit: 1300
Processor Information for processor 4
  Max Mhz: 1300, Current Mhz: 1300, Mhz Limit: 1300
Processor Information for processor 5
  Max Mhz: 1300, Current Mhz: 1300, Mhz Limit: 1300
Processor Information for processor 6
  Max Mhz: 1300, Current Mhz: 1300, Mhz Limit: 1300
Processor Information for processor 7
  Max Mhz: 1300, Current Mhz: 1300, Mhz Limit: 1300
Processor Information for processor 8
  Max Mhz: 1300, Current Mhz: 1300, Mhz Limit: 1300
Processor Information for processor 9
  Max Mhz: 1300, Current Mhz: 1300, Mhz Limit: 1300
Processor Information for processor 10
  Max Mhz: 1500, Current Mhz: 1500, Mhz Limit: 1500
Processor Information for processor 11
  Max Mhz: 1500, Current Mhz: 1500, Mhz Limit: 1500
Processor Information for processor 12
  Max Mhz: 700, Current Mhz: 700, Mhz Limit: 700
Processor Information for processor 13
  Max Mhz: 700, Current Mhz: 700, Mhz Limit: 700

Memory: 4k page, system-wide physical 15768M (2730M free)
TotalPageFile size 64920M (AvailPageFile size 0M)
current process WorkingSet (physical memory assigned to process): 94M, peak: 94M
current process commit charge ("private bytes"): 359M, peak: 359M

vm_info: OpenJDK 64-Bit Server VM (21.0.8+9-LTS) for windows-amd64 JRE (21.0.8+9-LTS), built on 2025-07-15T00:00:00Z by "admin" with MS VC++ 17.7 (VS2022)

END.
